ASxxxx Linker V03.00/V05.40 + sdld,  page 1.
Hexadecimal  [32-Bits]

Area                       Addr        Size        Decimal Bytes (Attributes)
--------------------       ----        ----        ------- ----- ------------
.  .ABS.               00000000    00000000 =           0. bytes (ABS,CON)

        Value  Global            Value  Global            Value  Global    
        -----  ------            -----  ------            -----  ------    
     00000000  .__.ABS.  |    00000000  _rRAMG    |    00000000  l__BASE  
     00000000  l__BSS    |    00000000  l__CABS   |    00000000  l__CODE_0
     00000000  l__DABS   |    00000000  l__FONT_H |    00000000  l__HEADER
     00000000  l__HEADER |    00000000  l__HEAP   |    00000000  l__HEAP_E
     00000000  l__HRAM   |    00000000  l__LIT    |    00000000  s__CABS  
     00000000  s__DABS   |    00000000  s__FONT_H |    00000000  s__FONT_H
     00000000  s__HEADER |    00000000  s__HEADER |    00000000  s__HEADER
     00000000  s__HEADER |    00000000  s__HEADER |    00000000  s__HEADER
     00000000  s__HEADER |    00000000  s__HEADER |    00000000  s__HEADER
     00000000  s__HEADER |    00000000  s__HEADER |    00000000  s__HEADER
     00000000  s__HEADER |    00000000  s__HEADER |    00000000  s__HEADER
     00000000  s__HEADER |    00000000  s__HEADER |    00000000  s__HEADER
     00000000  s__HEADER |    00000000  s__HEADER |    00000000  s__HEADER
     00000000  s__HRAM   |    00000000  s__HRAM12 |    00000001  ___bank_b
     00000001  ___bank_b |    00000001  ___bank_b |    00000001  ___bank_n
     00000001  ___bank_p |    00000001  ___bank_r |    00000001  ___bank_s
     00000001  ___bank_s |    00000001  ___bank_s |    00000001  ___bank_s
     00000001  ___bank_t |    00000001  l__GSFINA |    00000001  l__HEADER
     00000001  l__HEADER |    00000001  l__HEADER |    00000001  l__HEADER
     00000001  l__HEADER |    00000001  l__HEADER |    00000001  l__HEADER
     00000002  ___bank_b |    00000002  ___bank_b |    00000002  ___bank_s
     00000002  ___bank_s |    00000002  l__HEADER |    00000002  l__HEADER
     00000002  l__HEADER |    00000003  ___bank_b |    00000003  ___bank_m
     00000003  ___bank_s |    00000003  l__FONT_H |    00000003  l__HEADER
     00000003  l__HEADER |    00000003  l__HRAM12 |    00000005  l__HEADER
     00000006  l__HEADER |    00000007  l__HEADER |    00000008  l__HEADER
     0000000C  l__GSINIT |    00000030  l__HEADER |    0000005C  l__HEADER
     000000AF  l__HEADER |    000001AF  l__DATA   |    00000200  s__CODE  
     000007BB  l__INITIA |    000007BB  l__INITIA |    0000092D  l__HOME  
     00001501  l__CODE_3 |    00001817  l__CODE   |    00001A17  s__HOME  
     00001D8D  l__CODE_1 |    00002000  _rROMB0   |    00002344  s__BASE  
     00002344  s__CODE_0 |    00002344  s__INITIA |    00002344  s__LIT   
     00002AFF  s__GSINIT |    00002B0B  s__GSFINA |    00002F17  l__CODE_2
     00003000  _rROMB1   |    00004000  _rRAMB    |    00008000  __VRAM   
     00008000  __VRAM800 |    00008800  __VRAM880 |    00009000  __VRAM900
     00009800  __SCRN0   |    00009C00  __SCRN1   |    0000A000  __SRAM   
     0000C000  __RAM     |    0000C000  _shadow_O |    0000C0A0  s__DATA  
     0000C24F  s__BSS    |    0000C24F  s__INITIA |    0000CA0A  s__HEAP  
     0000CA0A  s__HEAP_E |    0000D000  __RAMBANK |    0000E000  .STACK   
     0000FE00  __OAMRAM  |    0000FF00  _P1_REG   |    0000FF00  __IO     
     0000FF01  _SB_REG   |    0000FF02  _SC_REG   |    0000FF04  _DIV_REG 
     0000FF05  _TIMA_REG |    0000FF06  _TMA_REG  |    0000FF07  _TAC_REG 
     0000FF0F  _IF_REG   |    0000FF10  _NR10_REG |    0000FF11  _NR11_REG
     0000FF12  _NR12_REG |    0000FF13  _NR13_REG |    0000FF14  _NR14_REG
     0000FF16  _NR21_REG |    0000FF17  _NR22_REG |    0000FF18  _NR23_REG
     0000FF19  _NR24_REG |    0000FF1A  _NR30_REG |    0000FF1B  _NR31_REG
     0000FF1C  _NR32_REG |    0000FF1D  _NR33_REG |    0000FF1E  _NR34_REG
     0000FF20  _NR41_REG |    0000FF21  _NR42_REG |    0000FF22  _NR43_REG
     0000FF23  _NR44_REG |    0000FF24  _NR50_REG |    0000FF25  _NR51_REG
     0000FF26  _NR52_REG |    0000FF30  _AUD3WAVE |    0000FF30  _PCM_SAMP
ASxxxx Linker V03.00/V05.40 + sdld,  page 2.
Hexadecimal  [32-Bits]

Area                       Addr        Size        Decimal Bytes (Attributes)
--------------------       ----        ----        ------- ----- ------------
.  .ABS.               00000000    00000000 =           0. bytes (ABS,CON)

        Value  Global            Value  Global            Value  Global    
        -----  ------            -----  ------            -----  ------    
     0000FF30  __AUD3WAV |    0000FF40  _LCDC_REG |    0000FF41  _STAT_REG
     0000FF42  _SCY_REG  |    0000FF43  _SCX_REG  |    0000FF44  _LY_REG  
     0000FF45  _LYC_REG  |    0000FF46  _DMA_REG  |    0000FF47  _BGP_REG 
     0000FF48  _OBP0_REG |    0000FF49  _OBP1_REG |    0000FF4A  _WY_REG  
     0000FF4B  _WX_REG   |    0000FF4D  _KEY1_REG |    0000FF4F  _VBK_REG 
     0000FF51  _HDMA1_RE |    0000FF52  _HDMA2_RE |    0000FF53  _HDMA3_RE
     0000FF54  _HDMA4_RE |    0000FF55  _HDMA5_RE |    0000FF56  _RP_REG  
     0000FF68  _BCPS_REG |    0000FF69  _BCPD_REG |    0000FF6A  _OCPS_REG
     0000FF6B  _OCPD_REG |    0000FF70  _SVBK_REG |    0000FF76  _PCM12_RE
     0000FF77  _PCM34_RE |    0000FF80  .refresh_ |    0000FF80  __HRAM   
     0000FFFF  _IE_REG   |    00014000  s__CODE_1 |    00024000  s__CODE_2
     00034000  s__CODE_3
ASxxxx Linker V03.00/V05.40 + sdld,  page 3.
Hexadecimal  [32-Bits]

Area                       Addr        Size        Decimal Bytes (Attributes)
--------------------       ----        ----        ------- ----- ------------
_CODE                  00000200    00001817 =        6167. bytes (REL,CON)

        Value  Global            Value  Global            Value  Global    
        -----  ------            -----  ------            -----  ------    
     00000200  A$attribu |    00000200  C$attribu |    00000200  C$attribu
     00000200  G$init_at |    00000200  _init_att |    00000203  A$attribu
     00000205  A$attribu |    00000206  A$attribu |    00000208  A$attribu
     00000208  C$attribu |    0000020B  A$attribu |    0000020D  A$attribu
     0000020E  A$attribu |    00000210  A$attribu |    00000210  C$attribu
     00000213  A$attribu |    00000215  A$attribu |    00000216  A$attribu
     00000218  A$attribu |    00000218  C$attribu |    0000021B  A$attribu
     0000021D  A$attribu |    0000021E  A$attribu |    00000220  A$attribu
     00000220  C$attribu |    00000223  A$attribu |    00000225  A$attribu
     00000225  C$attribu |    00000228  A$attribu |    0000022A  A$attribu
     0000022B  A$attribu |    0000022D  A$attribu |    0000022D  C$attribu
     00000230  A$attribu |    00000232  A$attribu |    00000233  A$attribu
     00000235  A$attribu |    00000235  C$attribu |    00000238  A$attribu
     0000023A  A$attribu |    0000023B  A$attribu |    0000023D  A$attribu
     0000023D  C$attribu |    00000240  A$attribu |    00000242  A$attribu
     00000243  A$attribu |    00000245  A$attribu |    00000245  C$attribu
     00000248  A$attribu |    0000024A  A$attribu |    0000024B  A$attribu
     0000024D  A$attribu |    0000024D  C$attribu |    00000250  A$attribu
     00000252  A$attribu |    00000253  A$attribu |    00000255  A$attribu
     00000255  C$attribu |    00000258  A$attribu |    00000259  A$attribu
     0000025A  A$attribu |    0000025B  A$attribu |    0000025B  C$attribu
     0000025E  A$attribu |    00000260  A$attribu |    00000261  A$attribu
     00000263  A$attribu |    00000263  C$attribu |    00000266  A$attribu
     00000268  A$attribu |    00000269  A$attribu |    0000026B  A$attribu
     0000026B  C$attribu |    0000026E  A$attribu |    00000270  A$attribu
     00000271  A$attribu |    00000273  A$attribu |    00000273  C$attribu
     00000276  A$attribu |    00000278  A$attribu |    00000279  A$attribu
     0000027B  A$attribu |    0000027B  C$attribu |    0000027E  A$attribu
     00000280  A$attribu |    00000281  A$attribu |    00000283  A$attribu
     00000283  C$attribu |    00000286  A$attribu |    00000288  A$attribu
     00000289  A$attribu |    0000028B  A$attribu |    0000028B  C$attribu
     0000028E  A$attribu |    00000290  A$attribu |    00000291  A$attribu
     00000293  A$attribu |    00000293  C$attribu |    00000296  A$attribu
     00000298  A$attribu |    00000299  A$attribu |    0000029B  A$attribu
     0000029B  C$attribu |    0000029E  A$attribu |    000002A0  A$attribu
     000002A1  A$attribu |    000002A3  A$attribu |    000002A3  C$attribu
     000002A6  A$attribu |    000002A8  A$attribu |    000002A9  A$attribu
     000002AB  A$attribu |    000002AB  C$attribu |    000002AE  A$attribu
     000002B0  A$attribu |    000002B1  A$attribu |    000002B3  A$attribu
     000002B3  C$attribu |    000002B6  A$attribu |    000002B8  A$attribu
     000002B9  A$attribu |    000002BB  A$attribu |    000002BB  C$attribu
     000002BE  A$attribu |    000002C0  A$attribu |    000002C1  A$attribu
     000002C3  A$attribu |    000002C3  C$attribu |    000002C6  A$attribu
     000002C8  A$attribu |    000002C9  A$attribu |    000002CB  A$attribu
     000002CB  C$attribu |    000002CE  A$attribu |    000002D0  A$attribu
     000002D1  A$attribu |    000002D3  A$attribu |    000002D3  C$attribu
     000002D6  A$attribu |    000002D8  A$attribu |    000002D9  A$attribu
     000002DB  A$attribu |    000002DB  C$attribu |    000002DE  A$attribu
     000002E0  A$attribu |    000002E1  A$attribu |    000002E3  A$attribu
     000002E3  C$attribu |    000002E6  A$attribu |    000002E8  A$attribu
ASxxxx Linker V03.00/V05.40 + sdld,  page 4.
Hexadecimal  [32-Bits]

Area                       Addr        Size        Decimal Bytes (Attributes)
--------------------       ----        ----        ------- ----- ------------
_CODE                  00000200    00001817 =        6167. bytes (REL,CON)

        Value  Global            Value  Global            Value  Global    
        -----  ------            -----  ------            -----  ------    
     000002E9  A$attribu |    000002EB  A$attribu |    000002EB  C$attribu
     000002EE  A$attribu |    000002F0  A$attribu |    000002F1  A$attribu
     000002F3  A$attribu |    000002F3  C$attribu |    000002F6  A$attribu
     000002F8  A$attribu |    000002F9  A$attribu |    000002FB  A$attribu
     000002FB  C$attribu |    000002FE  A$attribu |    00000300  A$attribu
     00000301  A$attribu |    00000303  A$attribu |    00000303  C$attribu
     00000306  A$attribu |    00000308  A$attribu |    00000308  C$attribu
     0000030B  A$attribu |    0000030D  A$attribu |    0000030E  A$attribu
     00000310  A$attribu |    00000310  C$attribu |    00000313  A$attribu
     00000315  A$attribu |    00000316  A$attribu |    00000318  A$attribu
     00000318  C$attribu |    0000031B  A$attribu |    0000031D  A$attribu
     0000031E  A$attribu |    00000320  A$attribu |    00000320  C$attribu
     00000323  A$attribu |    00000325  A$attribu |    00000326  A$attribu
     00000328  A$attribu |    00000328  C$attribu |    0000032B  A$attribu
     0000032D  A$attribu |    0000032E  A$attribu |    00000330  A$attribu
     00000330  C$attribu |    00000333  A$attribu |    00000335  A$attribu
     00000336  A$attribu |    00000338  A$attribu |    00000338  C$attribu
     0000033B  A$attribu |    0000033C  A$attribu |    0000033D  A$attribu
     0000033E  A$attribu |    0000033E  C$attribu |    00000341  A$attribu
     00000343  A$attribu |    00000344  A$attribu |    00000346  A$attribu
     00000346  C$attribu |    00000349  A$attribu |    0000034B  A$attribu
     0000034C  A$attribu |    0000034E  A$attribu |    0000034E  C$attribu
     00000351  A$attribu |    00000353  A$attribu |    00000354  A$attribu
     00000356  A$attribu |    00000356  C$attribu |    00000359  A$attribu
     0000035B  A$attribu |    0000035C  A$attribu |    0000035E  A$attribu
     0000035E  C$attribu |    00000361  A$attribu |    00000363  A$attribu
     00000364  A$attribu |    00000366  A$attribu |    00000366  C$attribu
     00000369  A$attribu |    0000036B  A$attribu |    0000036C  A$attribu
     0000036E  A$attribu |    0000036E  C$attribu |    00000371  A$attribu
     00000373  A$attribu |    00000374  A$attribu |    00000376  A$attribu
     00000376  C$attribu |    00000379  A$attribu |    0000037B  A$attribu
     0000037C  A$attribu |    0000037E  A$attribu |    0000037E  C$attribu
     00000381  A$attribu |    00000383  A$attribu |    00000384  A$attribu
     00000386  A$attribu |    00000386  C$attribu |    00000389  A$attribu
     0000038B  A$attribu |    0000038C  A$attribu |    0000038E  A$attribu
     0000038E  C$attribu |    00000391  A$attribu |    00000393  A$attribu
     00000394  A$attribu |    00000396  A$attribu |    00000396  C$attribu
     00000399  A$attribu |    0000039B  A$attribu |    0000039C  A$attribu
     0000039E  A$attribu |    0000039E  C$attribu |    000003A1  A$attribu
     000003A3  A$attribu |    000003A4  A$attribu |    000003A6  A$attribu
     000003A6  C$attribu |    000003A9  A$attribu |    000003AB  A$attribu
     000003AC  A$attribu |    000003AE  A$attribu |    000003AE  C$attribu
     000003B1  A$attribu |    000003B3  A$attribu |    000003B4  A$attribu
     000003B6  A$attribu |    000003B6  C$attribu |    000003B9  A$attribu
     000003BB  A$attribu |    000003BC  A$attribu |    000003BE  A$attribu
     000003BE  C$attribu |    000003C1  A$attribu |    000003C3  A$attribu
     000003C4  A$attribu |    000003C6  A$attribu |    000003C6  C$attribu
     000003C9  A$attribu |    000003CB  A$attribu |    000003CC  A$attribu
     000003CE  A$attribu |    000003CE  C$attribu |    000003D1  A$attribu
     000003D3  A$attribu |    000003D4  A$attribu |    000003D6  A$attribu
     000003D6  C$attribu |    000003D9  A$attribu |    000003DB  A$attribu
ASxxxx Linker V03.00/V05.40 + sdld,  page 5.
Hexadecimal  [32-Bits]

Area                       Addr        Size        Decimal Bytes (Attributes)
--------------------       ----        ----        ------- ----- ------------
_CODE                  00000200    00001817 =        6167. bytes (REL,CON)

        Value  Global            Value  Global            Value  Global    
        -----  ------            -----  ------            -----  ------    
     000003DC  A$attribu |    000003DE  A$attribu |    000003DE  C$attribu
     000003E1  A$attribu |    000003E3  A$attribu |    000003E4  A$attribu
     000003E6  A$attribu |    000003E6  C$attribu |    000003E9  A$attribu
     000003EB  A$attribu |    000003EB  C$attribu |    000003EE  A$attribu
     000003F0  A$attribu |    000003F1  A$attribu |    000003F3  A$attribu
     000003F3  C$attribu |    000003F6  A$attribu |    000003F8  A$attribu
     000003F9  A$attribu |    000003FB  A$attribu |    000003FB  C$attribu
     000003FE  A$attribu |    00000400  A$attribu |    00000401  A$attribu
     00000403  A$attribu |    00000403  C$attribu |    00000406  A$attribu
     00000408  A$attribu |    00000409  A$attribu |    0000040B  A$attribu
     0000040B  C$attribu |    0000040E  A$attribu |    00000410  A$attribu
     00000411  A$attribu |    00000413  A$attribu |    00000413  C$attribu
     00000416  A$attribu |    00000418  A$attribu |    00000419  A$attribu
     0000041B  A$attribu |    0000041B  C$attribu |    0000041E  A$attribu
     0000041F  A$attribu |    00000420  A$attribu |    00000421  A$attribu
     00000421  C$attribu |    00000424  A$attribu |    00000426  A$attribu
     00000427  A$attribu |    00000429  A$attribu |    00000429  C$attribu
     0000042C  A$attribu |    0000042E  A$attribu |    0000042F  A$attribu
     00000431  A$attribu |    00000431  C$attribu |    00000434  A$attribu
     00000436  A$attribu |    00000437  A$attribu |    00000439  A$attribu
     00000439  C$attribu |    0000043C  A$attribu |    0000043E  A$attribu
     0000043F  A$attribu |    00000441  A$attribu |    00000441  C$attribu
     00000444  A$attribu |    00000446  A$attribu |    00000447  A$attribu
     00000449  A$attribu |    00000449  C$attribu |    0000044C  A$attribu
     0000044E  A$attribu |    0000044F  A$attribu |    00000451  A$attribu
     00000451  C$attribu |    00000454  A$attribu |    00000456  A$attribu
     00000457  A$attribu |    00000459  A$attribu |    00000459  C$attribu
     0000045C  A$attribu |    0000045E  A$attribu |    0000045F  A$attribu
     00000461  A$attribu |    00000461  C$attribu |    00000464  A$attribu
     00000466  A$attribu |    00000467  A$attribu |    00000469  A$attribu
     00000469  C$attribu |    0000046C  A$attribu |    0000046E  A$attribu
     0000046F  A$attribu |    00000471  A$attribu |    00000471  C$attribu
     00000474  A$attribu |    00000476  A$attribu |    00000477  A$attribu
     00000479  A$attribu |    00000479  C$attribu |    0000047C  A$attribu
     0000047E  A$attribu |    0000047F  A$attribu |    00000481  A$attribu
     00000481  C$attribu |    00000484  A$attribu |    00000486  A$attribu
     00000487  A$attribu |    00000489  A$attribu |    00000489  C$attribu
     0000048C  A$attribu |    0000048E  A$attribu |    0000048F  A$attribu
     00000491  A$attribu |    00000491  C$attribu |    00000494  A$attribu
     00000496  A$attribu |    00000497  A$attribu |    00000499  A$attribu
     00000499  C$attribu |    0000049C  A$attribu |    0000049E  A$attribu
     0000049F  A$attribu |    000004A1  A$attribu |    000004A1  C$attribu
     000004A4  A$attribu |    000004A6  A$attribu |    000004A7  A$attribu
     000004A9  A$attribu |    000004A9  C$attribu |    000004AC  A$attribu
     000004AE  A$attribu |    000004AF  A$attribu |    000004B1  A$attribu
     000004B1  C$attribu |    000004B4  A$attribu |    000004B6  A$attribu
     000004B7  A$attribu |    000004B9  A$attribu |    000004B9  C$attribu
     000004BC  A$attribu |    000004BE  A$attribu |    000004BF  A$attribu
     000004C1  A$attribu |    000004C1  C$attribu |    000004C4  A$attribu
     000004C6  A$attribu |    000004C7  A$attribu |    000004C9  A$attribu
     000004C9  C$attribu |    000004CC  A$attribu |    000004CE  A$attribu
ASxxxx Linker V03.00/V05.40 + sdld,  page 6.
Hexadecimal  [32-Bits]

Area                       Addr        Size        Decimal Bytes (Attributes)
--------------------       ----        ----        ------- ----- ------------
_CODE                  00000200    00001817 =        6167. bytes (REL,CON)

        Value  Global            Value  Global            Value  Global    
        -----  ------            -----  ------            -----  ------    
     000004CE  C$attribu |    000004D1  A$attribu |    000004D3  A$attribu
     000004D4  A$attribu |    000004D6  A$attribu |    000004D6  C$attribu
     000004D9  A$attribu |    000004DB  A$attribu |    000004DC  A$attribu
     000004DE  A$attribu |    000004DE  C$attribu |    000004E1  A$attribu
     000004E3  A$attribu |    000004E4  A$attribu |    000004E6  A$attribu
     000004E6  C$attribu |    000004E9  A$attribu |    000004EB  A$attribu
     000004EC  A$attribu |    000004EE  A$attribu |    000004EE  C$attribu
     000004F1  A$attribu |    000004F3  A$attribu |    000004F4  A$attribu
     000004F6  A$attribu |    000004F6  C$attribu |    000004F9  A$attribu
     000004FB  A$attribu |    000004FC  A$attribu |    000004FE  A$attribu
     000004FE  C$attribu |    00000501  A$attribu |    00000502  A$attribu
     00000503  A$attribu |    00000504  A$attribu |    00000504  C$attribu
     00000507  A$attribu |    00000509  A$attribu |    0000050A  A$attribu
     0000050C  A$attribu |    0000050C  C$attribu |    0000050F  A$attribu
     00000511  A$attribu |    00000512  A$attribu |    00000514  A$attribu
     00000514  C$attribu |    00000517  A$attribu |    00000519  A$attribu
     0000051A  A$attribu |    0000051C  A$attribu |    0000051C  C$attribu
     0000051F  A$attribu |    00000521  A$attribu |    00000522  A$attribu
     00000524  A$attribu |    00000524  C$attribu |    00000527  A$attribu
     00000529  A$attribu |    0000052A  A$attribu |    0000052C  A$attribu
     0000052C  C$attribu |    0000052F  A$attribu |    00000531  A$attribu
     00000532  A$attribu |    00000534  A$attribu |    00000534  C$attribu
     00000537  A$attribu |    00000539  A$attribu |    0000053A  A$attribu
     0000053C  A$attribu |    0000053C  C$attribu |    0000053F  A$attribu
     00000541  A$attribu |    00000542  A$attribu |    00000544  A$attribu
     00000544  C$attribu |    00000547  A$attribu |    00000549  A$attribu
     0000054A  A$attribu |    0000054C  A$attribu |    0000054C  C$attribu
     0000054F  A$attribu |    00000551  A$attribu |    00000552  A$attribu
     00000554  A$attribu |    00000554  C$attribu |    00000557  A$attribu
     00000559  A$attribu |    0000055A  A$attribu |    0000055C  A$attribu
     0000055C  C$attribu |    0000055F  A$attribu |    00000561  A$attribu
     00000562  A$attribu |    00000564  A$attribu |    00000564  C$attribu
     00000567  A$attribu |    00000569  A$attribu |    0000056A  A$attribu
     0000056C  A$attribu |    0000056C  C$attribu |    0000056F  A$attribu
     00000571  A$attribu |    00000572  A$attribu |    00000574  A$attribu
     00000574  C$attribu |    00000577  A$attribu |    00000579  A$attribu
     0000057A  A$attribu |    0000057C  A$attribu |    0000057C  C$attribu
     0000057F  A$attribu |    00000581  A$attribu |    00000582  A$attribu
     00000584  A$attribu |    00000584  C$attribu |    00000587  A$attribu
     00000589  A$attribu |    0000058A  A$attribu |    0000058C  A$attribu
     0000058C  C$attribu |    0000058F  A$attribu |    00000591  A$attribu
     00000592  A$attribu |    00000594  A$attribu |    00000594  C$attribu
     00000597  A$attribu |    00000599  A$attribu |    0000059A  A$attribu
     0000059C  A$attribu |    0000059C  C$attribu |    0000059F  A$attribu
     000005A1  A$attribu |    000005A2  A$attribu |    000005A4  A$attribu
     000005A4  C$attribu |    000005A7  A$attribu |    000005A9  A$attribu
     000005AA  A$attribu |    000005AC  A$attribu |    000005AC  C$attribu
     000005AF  A$attribu |    000005B1  A$attribu |    000005B1  C$attribu
     000005B4  A$attribu |    000005B5  A$attribu |    000005B6  A$attribu
     000005B7  A$attribu |    000005B7  C$attribu |    000005BA  A$attribu
     000005BC  A$attribu |    000005BD  A$attribu |    000005BF  A$attribu
ASxxxx Linker V03.00/V05.40 + sdld,  page 7.
Hexadecimal  [32-Bits]

Area                       Addr        Size        Decimal Bytes (Attributes)
--------------------       ----        ----        ------- ----- ------------
_CODE                  00000200    00001817 =        6167. bytes (REL,CON)

        Value  Global            Value  Global            Value  Global    
        -----  ------            -----  ------            -----  ------    
     000005BF  C$attribu |    000005C2  A$attribu |    000005C4  A$attribu
     000005C5  A$attribu |    000005C7  A$attribu |    000005C7  C$attribu
     000005CA  A$attribu |    000005CC  A$attribu |    000005CD  A$attribu
     000005CF  A$attribu |    000005CF  C$attribu |    000005D2  A$attribu
     000005D4  A$attribu |    000005D5  A$attribu |    000005D7  A$attribu
     000005D7  C$attribu |    000005DA  A$attribu |    000005DC  A$attribu
     000005DD  A$attribu |    000005DF  A$attribu |    000005DF  C$attribu
     000005E2  A$attribu |    000005E3  A$attribu |    000005E4  A$attribu
     000005E5  A$attribu |    000005E5  C$attribu |    000005E8  A$attribu
     000005EA  A$attribu |    000005EB  A$attribu |    000005ED  A$attribu
     000005ED  C$attribu |    000005F0  A$attribu |    000005F2  A$attribu
     000005F3  A$attribu |    000005F5  A$attribu |    000005F5  C$attribu
     000005F8  A$attribu |    000005FA  A$attribu |    000005FB  A$attribu
     000005FD  A$attribu |    000005FD  C$attribu |    00000600  A$attribu
     00000602  A$attribu |    00000603  A$attribu |    00000605  A$attribu
     00000605  C$attribu |    00000608  A$attribu |    0000060A  A$attribu
     0000060B  A$attribu |    0000060D  A$attribu |    0000060D  C$attribu
     00000610  A$attribu |    00000612  A$attribu |    00000613  A$attribu
     00000615  A$attribu |    00000615  C$attribu |    00000618  A$attribu
     0000061A  A$attribu |    0000061B  A$attribu |    0000061D  A$attribu
     0000061D  C$attribu |    00000620  A$attribu |    00000622  A$attribu
     00000623  A$attribu |    00000625  A$attribu |    00000625  C$attribu
     00000628  A$attribu |    0000062A  A$attribu |    0000062B  A$attribu
     0000062D  A$attribu |    0000062D  C$attribu |    00000630  A$attribu
     00000632  A$attribu |    00000633  A$attribu |    00000635  A$attribu
     00000635  C$attribu |    00000638  A$attribu |    0000063A  A$attribu
     0000063B  A$attribu |    0000063D  A$attribu |    0000063D  C$attribu
     00000640  A$attribu |    00000642  A$attribu |    00000643  A$attribu
     00000645  A$attribu |    00000645  C$attribu |    00000648  A$attribu
     0000064A  A$attribu |    0000064B  A$attribu |    0000064D  A$attribu
     0000064D  C$attribu |    00000650  A$attribu |    00000652  A$attribu
     00000653  A$attribu |    00000655  A$attribu |    00000655  C$attribu
     00000658  A$attribu |    0000065A  A$attribu |    0000065B  A$attribu
     0000065D  A$attribu |    0000065D  C$attribu |    00000660  A$attribu
     00000662  A$attribu |    00000663  A$attribu |    00000665  A$attribu
     00000665  C$attribu |    00000668  A$attribu |    0000066A  A$attribu
     0000066B  A$attribu |    0000066D  A$attribu |    0000066D  C$attribu
     00000670  A$attribu |    00000672  A$attribu |    00000673  A$attribu
     00000675  A$attribu |    00000675  C$attribu |    00000678  A$attribu
     0000067A  A$attribu |    0000067B  A$attribu |    0000067D  A$attribu
     0000067D  C$attribu |    00000680  A$attribu |    00000682  A$attribu
     00000683  A$attribu |    00000685  A$attribu |    00000685  C$attribu
     00000688  A$attribu |    0000068A  A$attribu |    0000068B  A$attribu
     0000068D  A$attribu |    0000068D  C$attribu |    00000690  A$attribu
     00000692  A$attribu |    00000692  C$attribu |    00000695  A$attribu
     00000697  A$attribu |    00000698  A$attribu |    0000069A  A$attribu
     0000069A  C$attribu |    0000069D  A$attribu |    0000069F  A$attribu
     000006A0  A$attribu |    000006A2  A$attribu |    000006A2  C$attribu
     000006A5  A$attribu |    000006A7  A$attribu |    000006A8  A$attribu
     000006AA  A$attribu |    000006AA  C$attribu |    000006AD  A$attribu
     000006AF  A$attribu |    000006B0  A$attribu |    000006B2  A$attribu
ASxxxx Linker V03.00/V05.40 + sdld,  page 8.
Hexadecimal  [32-Bits]

Area                       Addr        Size        Decimal Bytes (Attributes)
--------------------       ----        ----        ------- ----- ------------
_CODE                  00000200    00001817 =        6167. bytes (REL,CON)

        Value  Global            Value  Global            Value  Global    
        -----  ------            -----  ------            -----  ------    
     000006B2  C$attribu |    000006B5  A$attribu |    000006B7  A$attribu
     000006B8  A$attribu |    000006BA  A$attribu |    000006BA  C$attribu
     000006BD  A$attribu |    000006BF  A$attribu |    000006C0  A$attribu
     000006C2  A$attribu |    000006C2  C$attribu |    000006C5  A$attribu
     000006C6  A$attribu |    000006C7  A$attribu |    000006C8  A$attribu
     000006C8  C$attribu |    000006CB  A$attribu |    000006CD  A$attribu
     000006CE  A$attribu |    000006D0  A$attribu |    000006D0  C$attribu
     000006D3  A$attribu |    000006D5  A$attribu |    000006D6  A$attribu
     000006D8  A$attribu |    000006D8  C$attribu |    000006DB  A$attribu
     000006DD  A$attribu |    000006DE  A$attribu |    000006E0  A$attribu
     000006E0  C$attribu |    000006E3  A$attribu |    000006E5  A$attribu
     000006E6  A$attribu |    000006E8  A$attribu |    000006E8  C$attribu
     000006EB  A$attribu |    000006ED  A$attribu |    000006EE  A$attribu
     000006F0  A$attribu |    000006F0  C$attribu |    000006F3  A$attribu
     000006F5  A$attribu |    000006F6  A$attribu |    000006F8  A$attribu
     000006F8  C$attribu |    000006FB  A$attribu |    000006FD  A$attribu
     000006FE  A$attribu |    00000700  A$attribu |    00000700  C$attribu
     00000703  A$attribu |    00000705  A$attribu |    00000706  A$attribu
     00000708  A$attribu |    00000708  C$attribu |    0000070B  A$attribu
     0000070D  A$attribu |    0000070E  A$attribu |    00000710  A$attribu
     00000710  C$attribu |    00000713  A$attribu |    00000715  A$attribu
     00000716  A$attribu |    00000718  A$attribu |    00000718  C$attribu
     0000071B  A$attribu |    0000071D  A$attribu |    0000071E  A$attribu
     00000720  A$attribu |    00000720  C$attribu |    00000723  A$attribu
     00000725  A$attribu |    00000726  A$attribu |    00000728  A$attribu
     00000728  C$attribu |    0000072B  A$attribu |    0000072D  A$attribu
     0000072E  A$attribu |    00000730  A$attribu |    00000730  C$attribu
     00000733  A$attribu |    00000735  A$attribu |    00000736  A$attribu
     00000738  A$attribu |    00000738  C$attribu |    0000073B  A$attribu
     0000073D  A$attribu |    0000073E  A$attribu |    00000740  A$attribu
     00000740  C$attribu |    00000743  A$attribu |    00000745  A$attribu
     00000746  A$attribu |    00000748  A$attribu |    00000748  C$attribu
     0000074B  A$attribu |    0000074D  A$attribu |    0000074E  A$attribu
     00000750  A$attribu |    00000750  C$attribu |    00000753  A$attribu
     00000755  A$attribu |    00000756  A$attribu |    00000758  A$attribu
     00000758  C$attribu |    0000075B  A$attribu |    0000075C  A$attribu
     0000075D  A$attribu |    0000075D  C$attribu |    00000760  A$attribu
     00000762  A$attribu |    00000762  C$attribu |    00000763  A$attribu
     00000764  A$attribu |    00000765  A$attribu |    00000766  A$attribu
     00000767  A$attribu |    0000076A  A$attribu |    0000076B  A$attribu
     0000076C  A$attribu |    0000076D  A$attribu |    0000076D  C$attribu
     0000076D  XG$init_a |    0000076E  Fattribut |    00000774  Fattribut
     00000778  Fattribut |    00000784  Fattribut |    0000078F  Fattribut
     0000079B  Fattribut |    000007AA  Fattribut |    000007B8  Fattribut
     000007C7  Fattribut |    000007CC  Fattribut |    000007CF  Fattribut
     000007DA  Fattribut |    000007E4  Fattribut |    000007F0  Fattribut
     000007FB  Fattribut |    00000809  Fattribut |    00000817  Fattribut
     0000081E  Fattribut |    00000821  Fattribut |    0000082E  Fattribut
     00000839  Fattribut |    0000084A  Fattribut |    00000855  Fattribut
     00000866  Fattribut |    00000871  Fattribut |    0000087A  Fattribut
     0000087E  Fattribut |    00000889  Fattribut |    00000895  Fattribut
ASxxxx Linker V03.00/V05.40 + sdld,  page 9.
Hexadecimal  [32-Bits]

Area                       Addr        Size        Decimal Bytes (Attributes)
--------------------       ----        ----        ------- ----- ------------
_CODE                  00000200    00001817 =        6167. bytes (REL,CON)

        Value  Global            Value  Global            Value  Global    
        -----  ------            -----  ------            -----  ------    
     0000089F  Fattribut |    000008AC  Fattribut |    000008BB  Fattribut
     000008C6  Fattribut |    000008CF  Fattribut |    000008D1  Fattribut
     000008DB  Fattribut |    000008E5  Fattribut |    000008F4  Fattribut
     00000902  Fattribut |    00000910  Fattribut |    0000091C  Fattribut
     00000926  Fattribut |    00000929  Fattribut |    00000933  Fattribut
     0000093E  Fattribut |    00000947  Fattribut |    00000954  Fattribut
     00000960  Fattribut |    0000096E  A$gameloo |    0000096E  C$gameloo
     0000096E  C$gameloo |    0000096E  G$game_lo |    0000096E  _game_loo
     00000971  A$gameloo |    00000971  C$gameloo |    00000974  A$gameloo
     00000974  C$gameloo |    00000977  A$gameloo |    00000978  A$gameloo
     0000097A  A$gameloo |    0000097A  C$gameloo |    0000097D  A$gameloo
     0000097D  C$gameloo |    00000980  A$gameloo |    00000980  C$gameloo
     00000983  A$gameloo |    00000984  A$gameloo |    00000986  A$gameloo
     00000986  C$gameloo |    00000989  A$gameloo |    0000098B  A$gameloo
     0000098D  A$gameloo |    0000098E  A$gameloo |    0000098F  A$gameloo
     00000992  A$gameloo |    00000995  A$gameloo |    00000998  A$gameloo
     00000998  C$gameloo |    0000099B  A$gameloo |    0000099B  C$gameloo
     0000099E  A$gameloo |    0000099E  C$gameloo |    000009A1  A$gameloo
     000009A1  C$gameloo |    000009A4  A$gameloo |    000009A6  A$gameloo
     000009A6  C$gameloo |    000009A9  A$gameloo |    000009A9  C$gameloo
     000009AC  A$gameloo |    000009AC  C$gameloo |    000009AF  A$gameloo
     000009AF  C$gameloo |    000009B2  A$gameloo |    000009B2  C$gameloo
     000009B5  A$gameloo |    000009B5  C$gameloo |    000009B8  A$gameloo
     000009B8  C$gameloo |    000009BB  A$gameloo |    000009BB  C$gameloo
     000009BE  A$gameloo |    000009C1  A$gameloo |    000009C2  A$gameloo
     000009C4  A$gameloo |    000009C4  C$gameloo |    000009C7  A$gameloo
     000009C7  C$gameloo |    000009CA  A$gameloo |    000009CA  C$gameloo
     000009CD  A$gameloo |    000009CD  C$gameloo |    000009D0  A$gameloo
     000009D0  C$gameloo |    000009D3  A$gameloo |    000009D6  A$gameloo
     000009D6  C$gameloo |    000009D9  A$gameloo |    000009DC  A$gameloo
     000009DC  C$gameloo |    000009DF  A$gameloo |    000009E2  A$gameloo
     000009E3  A$gameloo |    000009E3  C$gameloo |    000009E3  C$gameloo
     000009E3  XG$game_l |    000009E6  A$general |    000009E6  C$general
     000009E6  C$general |    000009E6  G$init_fo |    000009E6  _init_fon
     000009E9  A$general |    000009E9  C$general |    000009EC  A$general
     000009ED  A$general |    000009F0  A$general |    000009F1  A$general
     000009F1  C$general |    000009F2  A$general |    000009F5  A$general
     000009F6  A$general |    000009F6  C$general |    000009F6  XG$init_f
     000009F7  A$general |    000009F7  C$general |    000009F7  C$general
     000009F7  G$init_sc |    000009F7  _init_scr |    000009F9  A$general
     000009FB  A$general |    000009FD  A$general |    000009FD  C$general
     000009FF  A$general |    00000A01  A$general |    00000A03  A$general
     00000A03  C$general |    00000A05  A$general |    00000A07  A$general
     00000A09  A$general |    00000A09  C$general |    00000A0B  A$general
     00000A0D  A$general |    00000A0F  A$general |    00000A0F  C$general
     00000A0F  XG$init_s |    00000A10  A$general |    00000A10  C$general
     00000A10  G$init_cl |    00000A10  _init_cle |    00000A13  A$general
     00000A14  A$general |    00000A15  A$general |    00000A15  C$general
     00000A17  A$general |    00000A18  A$general |    00000A19  A$general
     00000A1C  A$general |    00000A1D  A$general |    00000A1F  A$general
     00000A21  A$general |    00000A21  C$general |    00000A22  A$general
ASxxxx Linker V03.00/V05.40 + sdld,  page 10.
Hexadecimal  [32-Bits]

Area                       Addr        Size        Decimal Bytes (Attributes)
--------------------       ----        ----        ------- ----- ------------
_CODE                  00000200    00001817 =        6167. bytes (REL,CON)

        Value  Global            Value  Global            Value  Global    
        -----  ------            -----  ------            -----  ------    
     00000A23  A$general |    00000A24  A$general |    00000A25  A$general
     00000A26  A$general |    00000A27  A$general |    00000A28  A$general
     00000A28  C$general |    00000A29  A$general |    00000A2B  A$general
     00000A2B  C$general |    00000A2D  A$general |    00000A2F  A$general
     00000A2F  C$general |    00000A30  A$general |    00000A33  A$general
     00000A34  A$general |    00000A35  A$general |    00000A36  A$general
     00000A37  A$general |    00000A3A  A$general |    00000A3C  A$general
     00000A3C  C$general |    00000A3D  A$general |    00000A3F  A$general
     00000A3F  C$general |    00000A41  A$general |    00000A42  A$general
     00000A44  A$general |    00000A46  A$general |    00000A46  C$general
     00000A47  A$general |    00000A48  A$general |    00000A4B  A$general
     00000A4C  A$general |    00000A4E  A$general |    00000A4F  A$general
     00000A50  A$general |    00000A51  A$general |    00000A52  A$general
     00000A55  A$general |    00000A57  A$general |    00000A58  A$general
     00000A59  A$general |    00000A5C  A$general |    00000A5D  A$general
     00000A5F  A$general |    00000A60  A$general |    00000A61  A$general
     00000A62  A$general |    00000A63  A$general |    00000A66  A$general
     00000A68  A$general |    00000A69  A$general |    00000A6A  A$general
     00000A6A  C$general |    00000A6B  A$general |    00000A6D  A$general
     00000A6D  C$general |    00000A6E  A$general |    00000A71  A$general
     00000A72  A$general |    00000A75  A$general |    00000A77  A$general
     00000A77  C$general |    00000A79  A$general |    00000A7A  A$general
     00000A7C  A$general |    00000A7E  A$general |    00000A7F  A$general
     00000A81  A$general |    00000A82  A$general |    00000A83  A$general
     00000A84  A$general |    00000A85  A$general |    00000A88  A$general
     00000A89  A$general |    00000A8A  A$general |    00000A8C  A$general
     00000A8F  A$general |    00000A90  A$general |    00000A92  A$general
     00000A92  C$general |    00000A93  A$general |    00000A95  A$general
     00000A98  A$general |    00000A99  A$general |    00000A9A  A$general
     00000A9A  C$general |    00000A9A  XG$init_c |    00000A9B  A$general
     00000A9B  C$general |    00000A9B  C$general |    00000A9B  G$read_bu
     00000A9B  _read_but |    00000A9E  A$general |    00000AA1  A$general
     00000AA1  C$general |    00000AA1  XG$read_b |    00000AA2  A$general
     00000AA2  C$general |    00000AA2  C$general |    00000AA2  G$convert
     00000AA2  _convert_ |    00000AA3  A$general |    00000AA5  A$general
     00000AA7  A$general |    00000AA9  A$general |    00000AAA  A$general
     00000AAC  A$general |    00000AAD  A$general |    00000AAE  A$general
     00000AB0  A$general |    00000AB2  A$general |    00000AB4  A$general
     00000AB6  A$general |    00000AB7  A$general |    00000AB9  A$general
     00000ABB  A$general |    00000ABD  A$general |    00000ABE  A$general
     00000AC0  A$general |    00000AC1  A$general |    00000AC3  A$general
     00000AC4  A$general |    00000AC4  C$general |    00000AC5  A$general
     00000AC7  A$general |    00000AC9  A$general |    00000ACB  A$general
     00000ACC  A$general |    00000ACE  A$general |    00000ACF  A$general
     00000AD0  A$general |    00000AD2  A$general |    00000AD4  A$general
     00000AD6  A$general |    00000AD8  A$general |    00000AD9  A$general
     00000ADB  A$general |    00000ADD  A$general |    00000ADF  A$general
     00000AE0  A$general |    00000AE2  A$general |    00000AE3  A$general
     00000AE5  A$general |    00000AE6  A$general |    00000AE6  C$general
     00000AE7  A$general |    00000AE9  A$general |    00000AEB  A$general
     00000AED  A$general |    00000AEE  A$general |    00000AF0  A$general
ASxxxx Linker V03.00/V05.40 + sdld,  page 11.
Hexadecimal  [32-Bits]

Area                       Addr        Size        Decimal Bytes (Attributes)
--------------------       ----        ----        ------- ----- ------------
_CODE                  00000200    00001817 =        6167. bytes (REL,CON)

        Value  Global            Value  Global            Value  Global    
        -----  ------            -----  ------            -----  ------    
     00000AF1  A$general |    00000AF2  A$general |    00000AF4  A$general
     00000AF6  A$general |    00000AF8  A$general |    00000AFA  A$general
     00000AFB  A$general |    00000AFD  A$general |    00000AFF  A$general
     00000B01  A$general |    00000B02  A$general |    00000B04  A$general
     00000B05  A$general |    00000B07  A$general |    00000B08  A$general
     00000B08  C$general |    00000B09  A$general |    00000B0B  A$general
     00000B0D  A$general |    00000B0F  A$general |    00000B11  A$general
     00000B13  A$general |    00000B15  A$general |    00000B17  A$general
     00000B19  A$general |    00000B1B  A$general |    00000B1D  A$general
     00000B1F  A$general |    00000B21  A$general |    00000B23  A$general
     00000B25  A$general |    00000B27  A$general |    00000B29  A$general
     00000B2B  A$general |    00000B2D  A$general |    00000B2F  A$general
     00000B31  A$general |    00000B33  A$general |    00000B33  C$general
     00000B35  A$general |    00000B36  A$general |    00000B36  C$general
     00000B38  A$general |    00000B39  A$general |    00000B39  C$general
     00000B3B  A$general |    00000B3C  A$general |    00000B3C  C$general
     00000B3E  A$general |    00000B3F  A$general |    00000B3F  C$general
     00000B41  A$general |    00000B42  A$general |    00000B42  C$general
     00000B44  A$general |    00000B45  A$general |    00000B45  C$general
     00000B47  A$general |    00000B48  A$general |    00000B48  C$general
     00000B4A  A$general |    00000B4B  A$general |    00000B4B  C$general
     00000B4D  A$general |    00000B4E  A$general |    00000B4E  C$general
     00000B4F  A$general |    00000B50  A$general |    00000B50  C$general
     00000B51  A$general |    00000B51  C$general |    00000B51  C$general
     00000B51  XG$conver |    00000B52  A$general |    00000B52  C$general
     00000B52  G$draw_te |    00000B52  _draw_tex |    00000B54  A$general
     00000B56  A$general |    00000B57  A$general |    00000B58  A$general
     00000B58  C$general |    00000B5A  A$general |    00000B5B  A$general
     00000B5C  A$general |    00000B5D  A$general |    00000B5E  A$general
     00000B61  A$general |    00000B62  A$general |    00000B64  A$general
     00000B65  A$general |    00000B65  C$general |    00000B67  A$general
     00000B68  A$general |    00000B69  A$general |    00000B6A  A$general
     00000B6B  A$general |    00000B6E  A$general |    00000B6F  A$general
     00000B71  A$general |    00000B72  A$general |    00000B73  A$general
     00000B74  A$general |    00000B74  C$general |    00000B76  A$general
     00000B77  A$general |    00000B79  A$general |    00000B7A  A$general
     00000B7C  A$general |    00000B7C  C$general |    00000B7E  A$general
     00000B7F  A$general |    00000B81  A$general |    00000B82  A$general
     00000B82  C$general |    00000B84  A$general |    00000B85  A$general
     00000B87  A$general |    00000B88  A$general |    00000B89  A$general
     00000B8A  A$general |    00000B8B  A$general |    00000B8C  A$general
     00000B8E  A$general |    00000B8F  A$general |    00000B91  A$general
     00000B93  A$general |    00000B94  A$general |    00000B95  A$general
     00000B96  A$general |    00000B98  A$general |    00000B99  A$general
     00000B9A  A$general |    00000B9B  A$general |    00000B9C  A$general
     00000B9D  A$general |    00000B9E  A$general |    00000B9F  A$general
     00000BA0  A$general |    00000BA2  A$general |    00000BA3  A$general
     00000BA4  A$general |    00000BA4  C$general |    00000BA6  A$general
     00000BA7  A$general |    00000BA8  A$general |    00000BAA  A$general
     00000BAA  C$general |    00000BAC  A$general |    00000BAD  A$general
     00000BAE  A$general |    00000BAF  A$general |    00000BB1  A$general
ASxxxx Linker V03.00/V05.40 + sdld,  page 12.
Hexadecimal  [32-Bits]

Area                       Addr        Size        Decimal Bytes (Attributes)
--------------------       ----        ----        ------- ----- ------------
_CODE                  00000200    00001817 =        6167. bytes (REL,CON)

        Value  Global            Value  Global            Value  Global    
        -----  ------            -----  ------            -----  ------    
     00000BB2  A$general |    00000BB3  A$general |    00000BB4  A$general
     00000BB5  A$general |    00000BB6  A$general |    00000BB7  A$general
     00000BB9  A$general |    00000BBA  A$general |    00000BBB  A$general
     00000BBC  A$general |    00000BBE  A$general |    00000BBF  A$general
     00000BBF  C$general |    00000BC1  A$general |    00000BC2  A$general
     00000BC4  A$general |    00000BC5  A$general |    00000BC7  A$general
     00000BC8  A$general |    00000BC9  A$general |    00000BC9  C$general
     00000BCB  A$general |    00000BCC  A$general |    00000BCD  A$general
     00000BD0  A$general |    00000BD0  C$general |    00000BD2  A$general
     00000BD3  A$general |    00000BD5  A$general |    00000BD6  A$general
     00000BD8  A$general |    00000BD9  A$general |    00000BDB  A$general
     00000BDC  A$general |    00000BDE  A$general |    00000BE0  A$general
     00000BE2  A$general |    00000BE3  A$general |    00000BE5  A$general
     00000BE6  A$general |    00000BE8  A$general |    00000BEA  A$general
     00000BEB  A$general |    00000BEC  A$general |    00000BEE  A$general
     00000BEF  A$general |    00000BF0  A$general |    00000BF1  A$general
     00000BF2  A$general |    00000BF3  A$general |    00000BF4  A$general
     00000BF5  A$general |    00000BF6  A$general |    00000BF7  A$general
     00000BF9  A$general |    00000BFB  A$general |    00000BFD  A$general
     00000BFF  A$general |    00000C00  A$general |    00000C02  A$general
     00000C04  A$general |    00000C06  A$general |    00000C07  A$general
     00000C09  A$general |    00000C09  C$general |    00000C0B  A$general
     00000C0C  A$general |    00000C0E  A$general |    00000C0F  A$general
     00000C11  A$general |    00000C12  A$general |    00000C13  A$general
     00000C14  A$general |    00000C16  A$general |    00000C17  A$general
     00000C18  A$general |    00000C19  A$general |    00000C1A  A$general
     00000C1B  A$general |    00000C1E  A$general |    00000C20  A$general
     00000C20  C$general |    00000C22  A$general |    00000C25  A$general
     00000C27  A$general |    00000C28  A$general |    00000C2A  A$general
     00000C2B  A$general |    00000C2C  A$general |    00000C2D  A$general
     00000C2F  A$general |    00000C30  A$general |    00000C31  A$general
     00000C32  A$general |    00000C33  A$general |    00000C34  A$general
     00000C35  A$general |    00000C36  A$general |    00000C37  A$general
     00000C38  A$general |    00000C39  A$general |    00000C3B  A$general
     00000C3C  A$general |    00000C3E  A$general |    00000C3F  A$general
     00000C40  A$general |    00000C41  A$general |    00000C43  A$general
     00000C44  A$general |    00000C46  A$general |    00000C47  A$general
     00000C48  A$general |    00000C49  A$general |    00000C4B  A$general
     00000C4C  A$general |    00000C4F  A$general |    00000C4F  C$general
     00000C51  A$general |    00000C52  A$general |    00000C54  A$general
     00000C54  C$general |    00000C56  A$general |    00000C57  A$general
     00000C59  A$general |    00000C5A  A$general |    00000C5C  A$general
     00000C5D  A$general |    00000C5F  A$general |    00000C60  A$general
     00000C62  A$general |    00000C63  A$general |    00000C65  A$general
     00000C66  A$general |    00000C68  A$general |    00000C68  C$general
     00000C6A  A$general |    00000C6B  A$general |    00000C6C  A$general
     00000C6E  A$general |    00000C6F  A$general |    00000C70  A$general
     00000C71  A$general |    00000C73  A$general |    00000C74  A$general
     00000C75  A$general |    00000C76  A$general |    00000C77  A$general
     00000C78  A$general |    00000C7B  A$general |    00000C7D  A$general
     00000C7D  C$general |    00000C7F  A$general |    00000C80  A$general
ASxxxx Linker V03.00/V05.40 + sdld,  page 13.
Hexadecimal  [32-Bits]

Area                       Addr        Size        Decimal Bytes (Attributes)
--------------------       ----        ----        ------- ----- ------------
_CODE                  00000200    00001817 =        6167. bytes (REL,CON)

        Value  Global            Value  Global            Value  Global    
        -----  ------            -----  ------            -----  ------    
     00000C81  A$general |    00000C82  A$general |    00000C83  A$general
     00000C85  A$general |    00000C86  A$general |    00000C87  A$general
     00000C88  A$general |    00000C89  A$general |    00000C8A  A$general
     00000C8B  A$general |    00000C8C  A$general |    00000C8F  A$general
     00000C90  A$general |    00000C91  A$general |    00000C93  A$general
     00000C94  A$general |    00000C95  A$general |    00000C96  A$general
     00000C97  A$general |    00000C98  A$general |    00000C9A  A$general
     00000C9B  A$general |    00000C9C  A$general |    00000C9D  A$general
     00000C9E  A$general |    00000CA1  A$general |    00000CA1  C$general
     00000CA2  A$general |    00000CA4  A$general |    00000CA4  C$general
     00000CA6  A$general |    00000CA7  A$general |    00000CA8  A$general
     00000CAA  A$general |    00000CAA  C$general |    00000CAC  A$general
     00000CAD  A$general |    00000CAF  A$general |    00000CB0  A$general
     00000CB2  A$general |    00000CB3  A$general |    00000CB5  A$general
     00000CB6  A$general |    00000CB8  A$general |    00000CB9  A$general
     00000CBB  A$general |    00000CBC  A$general |    00000CBE  A$general
     00000CBF  A$general |    00000CC1  A$general |    00000CC2  A$general
     00000CC4  A$general |    00000CC4  C$general |    00000CC6  A$general
     00000CC7  A$general |    00000CC8  A$general |    00000CCA  A$general
     00000CCB  A$general |    00000CCC  A$general |    00000CCD  A$general
     00000CCF  A$general |    00000CD0  A$general |    00000CD1  A$general
     00000CD2  A$general |    00000CD3  A$general |    00000CD4  A$general
     00000CD7  A$general |    00000CD9  A$general |    00000CD9  C$general
     00000CDB  A$general |    00000CDE  A$general |    00000CDF  A$general
     00000CE1  A$general |    00000CE2  A$general |    00000CE4  A$general
     00000CE5  A$general |    00000CE7  A$general |    00000CE8  A$general
     00000CEA  A$general |    00000CEB  A$general |    00000CED  A$general
     00000CEE  A$general |    00000CF0  A$general |    00000CF1  A$general
     00000CF2  A$general |    00000CF3  A$general |    00000CF5  A$general
     00000CF6  A$general |    00000CF7  A$general |    00000CF8  A$general
     00000CFB  A$general |    00000CFB  C$general |    00000CFD  A$general
     00000CFE  A$general |    00000D00  A$general |    00000D00  C$general
     00000D02  A$general |    00000D03  A$general |    00000D05  A$general
     00000D06  A$general |    00000D06  C$general |    00000D06  G$draw_nu
     00000D06  _draw_num |    00000D08  A$general |    00000D09  A$general
     00000D0B  A$general |    00000D0C  A$general |    00000D0C  C$general
     00000D0D  A$general |    00000D0F  A$general |    00000D10  A$general
     00000D11  A$general |    00000D12  A$general |    00000D13  A$general
     00000D16  A$general |    00000D17  A$general |    00000D1A  A$general
     00000D1B  A$general |    00000D1C  A$general |    00000D1F  A$general
     00000D21  A$general |    00000D22  A$general |    00000D22  C$general
     00000D25  A$general |    00000D26  A$general |    00000D27  A$general
     00000D2A  A$general |    00000D2B  A$general |    00000D2C  A$general
     00000D2C  C$general |    00000D2D  A$general |    00000D2F  A$general
     00000D30  A$general |    00000D32  A$general |    00000D34  A$general
     00000D35  A$general |    00000D35  C$general |    00000D37  A$general
     00000D38  A$general |    00000D39  A$general |    00000D3A  A$general
     00000D3B  A$general |    00000D3C  A$general |    00000D3D  A$general
     00000D3E  A$general |    00000D41  A$general |    00000D42  A$general
     00000D43  A$general |    00000D44  A$general |    00000D46  A$general
     00000D47  A$general |    00000D47  C$general |    00000D49  A$general
ASxxxx Linker V03.00/V05.40 + sdld,  page 14.
Hexadecimal  [32-Bits]

Area                       Addr        Size        Decimal Bytes (Attributes)
--------------------       ----        ----        ------- ----- ------------
_CODE                  00000200    00001817 =        6167. bytes (REL,CON)

        Value  Global            Value  Global            Value  Global    
        -----  ------            -----  ------            -----  ------    
     00000D4B  A$general |    00000D4D  A$general |    00000D4E  A$general
     00000D50  A$general |    00000D51  A$general |    00000D52  A$general
     00000D53  A$general |    00000D54  A$general |    00000D55  A$general
     00000D56  A$general |    00000D57  A$general |    00000D58  A$general
     00000D59  A$general |    00000D5A  A$general |    00000D5B  A$general
     00000D5C  A$general |    00000D5D  A$general |    00000D5E  A$general
     00000D5F  A$general |    00000D60  A$general |    00000D61  A$general
     00000D62  A$general |    00000D63  A$general |    00000D64  A$general
     00000D65  A$general |    00000D67  A$general |    00000D68  A$general
     00000D69  A$general |    00000D6B  A$general |    00000D6C  A$general
     00000D6E  A$general |    00000D6F  A$general |    00000D71  A$general
     00000D73  A$general |    00000D74  A$general |    00000D75  A$general
     00000D77  A$general |    00000D78  A$general |    00000D79  A$general
     00000D7A  A$general |    00000D7B  A$general |    00000D7C  A$general
     00000D7D  A$general |    00000D7E  A$general |    00000D7F  A$general
     00000D80  A$general |    00000D82  A$general |    00000D84  A$general
     00000D86  A$general |    00000D88  A$general |    00000D89  A$general
     00000D8B  A$general |    00000D8D  A$general |    00000D8F  A$general
     00000D90  A$general |    00000D92  A$general |    00000D94  A$general
     00000D95  A$general |    00000D97  A$general |    00000D98  A$general
     00000D99  A$general |    00000D9A  A$general |    00000D9C  A$general
     00000D9D  A$general |    00000D9E  A$general |    00000D9F  A$general
     00000DA0  A$general |    00000DA3  A$general |    00000DA4  A$general
     00000DA5  A$general |    00000DA6  A$general |    00000DA7  A$general
     00000DA9  A$general |    00000DA9  C$general |    00000DAA  A$general
     00000DAB  A$general |    00000DAD  A$general |    00000DAE  A$general
     00000DB0  A$general |    00000DB1  A$general |    00000DB4  A$general
     00000DB5  A$general |    00000DB6  A$general |    00000DB7  A$general
     00000DB8  A$general |    00000DBA  A$general |    00000DBB  A$general
     00000DBD  A$general |    00000DBE  A$general |    00000DBF  A$general
     00000DC0  A$general |    00000DC3  A$general |    00000DC4  A$general
     00000DC5  A$general |    00000DC6  A$general |    00000DC8  A$general
     00000DC9  A$general |    00000DCA  A$general |    00000DCB  A$general
     00000DCB  C$general |    00000DCC  A$general |    00000DCD  A$general
     00000DCE  A$general |    00000DCF  A$general |    00000DD2  A$general
     00000DD2  C$general |    00000DD4  A$general |    00000DD6  A$general
     00000DD8  A$general |    00000DD9  A$general |    00000DDA  A$general
     00000DDC  A$general |    00000DDC  C$general |    00000DDD  A$general
     00000DE0  A$general |    00000DE1  A$general |    00000DE2  A$general
     00000DE3  A$general |    00000DE4  A$general |    00000DE6  A$general
     00000DE7  A$general |    00000DE9  A$general |    00000DEA  A$general
     00000DEB  A$general |    00000DEC  A$general |    00000DED  A$general
     00000DEF  A$general |    00000DF0  A$general |    00000DF0  C$general
     00000DF2  A$general |    00000DF3  A$general |    00000DF4  A$general
     00000DF5  A$general |    00000DF6  A$general |    00000DF8  A$general
     00000DF9  A$general |    00000DFA  A$general |    00000DFB  A$general
     00000DFB  C$general |    00000DFD  A$general |    00000DFE  A$general
     00000DFF  A$general |    00000E00  A$general |    00000E01  A$general
     00000E02  A$general |    00000E05  A$general |    00000E06  A$general
     00000E07  A$general |    00000E09  A$general |    00000E0A  A$general
     00000E0B  A$general |    00000E0C  A$general |    00000E0D  A$general
ASxxxx Linker V03.00/V05.40 + sdld,  page 15.
Hexadecimal  [32-Bits]

Area                       Addr        Size        Decimal Bytes (Attributes)
--------------------       ----        ----        ------- ----- ------------
_CODE                  00000200    00001817 =        6167. bytes (REL,CON)

        Value  Global            Value  Global            Value  Global    
        -----  ------            -----  ------            -----  ------    
     00000E0E  A$general |    00000E11  A$general |    00000E13  A$general
     00000E14  A$general |    00000E16  A$general |    00000E17  A$general
     00000E18  A$general |    00000E19  A$general |    00000E1A  A$general
     00000E1D  A$general |    00000E1E  A$general |    00000E1F  A$general
     00000E20  A$general |    00000E20  C$general |    00000E21  A$general
     00000E22  A$general |    00000E24  A$general |    00000E25  A$general
     00000E27  A$general |    00000E28  A$general |    00000E2B  A$general
     00000E2C  A$general |    00000E2D  A$general |    00000E2E  A$general
     00000E30  A$general |    00000E31  A$general |    00000E32  A$general
     00000E33  A$general |    00000E36  A$general |    00000E37  A$general
     00000E38  A$general |    00000E39  A$general |    00000E3B  A$general
     00000E3B  C$general |    00000E3C  A$general |    00000E3D  A$general
     00000E3E  A$general |    00000E3F  A$general |    00000E40  A$general
     00000E41  A$general |    00000E43  A$general |    00000E43  C$general
     00000E45  A$general |    00000E46  A$general |    00000E48  A$general
     00000E49  Fgeneral$ |    00000E4C  A$interru |    00000E4C  C$interru
     00000E4C  G$interru |    00000E4C  _interrup |    00000E4E  A$interru
     00000E50  A$interru |    00000E51  A$interru |    00000E53  A$interru
     00000E53  C$interru |    00000E53  C$interru |    00000E53  XG$interr
     00000E54  A$interru |    00000E54  C$interru |    00000E54  G$interru
     00000E54  _interrup |    00000E56  A$interru |    00000E58  A$interru
     00000E59  A$interru |    00000E5B  A$interru |    00000E5B  C$interru
     00000E5B  C$interru |    00000E5B  XG$interr |    00000E5C  A$interru
     00000E5C  C$interru |    00000E5C  C$interru |    00000E5C  G$interru
     00000E5C  _interrup |    00000E5F  A$interru |    00000E60  A$interru
     00000E61  A$interru |    00000E61  C$interru |    00000E62  A$interru
     00000E64  A$interru |    00000E65  A$interru |    00000E67  A$interru
     00000E67  C$interru |    00000E67  XG$interr |    00000E68  A$interru
     00000E68  C$interru |    00000E68  C$interru |    00000E68  G$init_fr
     00000E68  _init_fra |    00000E6B  A$interru |    00000E6E  A$interru
     00000E6F  A$interru |    00000E6F  C$interru |    00000E6F  C$interru
     00000E6F  XG$init_f |    00000E70  A$interru |    00000E70  C$interru
     00000E70  C$interru |    00000E70  G$init_en |    00000E70  _init_ena
     00000E72  A$interru |    00000E74  A$interru |    00000E74  C$interru
     00000E76  A$interru |    00000E78  A$interru |    00000E79  A$interru
     00000E79  C$interru |    00000E7C  A$interru |    00000E7F  A$interru
     00000E7F  C$interru |    00000E82  A$interru |    00000E85  A$interru
     00000E86  A$interru |    00000E86  C$interru |    00000E88  A$interru
     00000E88  C$interru |    00000E88  XG$init_e |    00000E8B  A$interru
     00000E8B  C$interru |    00000E8B  G$init_di |    00000E8B  _init_dis
     00000E8C  A$interru |    00000E8C  C$interru |    00000E8F  A$interru
     00000E92  A$interru |    00000E92  C$interru |    00000E95  A$interru
     00000E98  A$interru |    00000E98  C$interru |    00000E9A  A$interru
     00000E9C  A$interru |    00000E9D  A$interru |    00000E9D  C$interru
     00000E9F  A$interru |    00000E9F  C$interru |    00000E9F  XG$init_d
     00000EA2  A$invento |    00000EA2  C$invento |    00000EA2  C$invento
     00000EA2  G$update_ |    00000EA2  _update_i |    00000EA5  A$invento
     00000EA8  A$invento |    00000EA9  A$invento |    00000EAB  A$invento
     00000EAC  A$invento |    00000EAD  A$invento |    00000EAE  A$invento
     00000EAF  A$invento |    00000EB0  A$invento |    00000EB1  A$invento
     00000EB2  A$invento |    00000EB5  A$invento |    00000EB6  A$invento
ASxxxx Linker V03.00/V05.40 + sdld,  page 16.
Hexadecimal  [32-Bits]

Area                       Addr        Size        Decimal Bytes (Attributes)
--------------------       ----        ----        ------- ----- ------------
_CODE                  00000200    00001817 =        6167. bytes (REL,CON)

        Value  Global            Value  Global            Value  Global    
        -----  ------            -----  ------            -----  ------    
     00000EB8  A$invento |    00000EB9  A$invento |    00000EBA  A$invento
     00000EBA  C$invento |    00000EBB  A$invento |    00000EBD  A$invento
     00000EBF  A$invento |    00000EC1  A$invento |    00000EC2  A$invento
     00000EC4  A$invento |    00000EC4  C$invento |    00000EC6  A$invento
     00000EC7  A$invento |    00000EC8  A$invento |    00000EC9  A$invento
     00000ECA  A$invento |    00000ECB  A$invento |    00000ECC  A$invento
     00000ECF  A$invento |    00000ED0  A$invento |    00000ED3  A$invento
     00000ED4  A$invento |    00000ED5  A$invento |    00000ED5  C$invento
     00000ED6  A$invento |    00000ED8  A$invento |    00000EDA  A$invento
     00000EDA  C$invento |    00000EDD  A$invento |    00000EDE  A$invento
     00000EDF  A$invento |    00000EE0  A$invento |    00000EE3  A$invento
     00000EE4  A$invento |    00000EE5  A$invento |    00000EE6  A$invento
     00000EE9  A$invento |    00000EEA  A$invento |    00000EEB  A$invento
     00000EEC  A$invento |    00000EED  A$invento |    00000EED  C$invento
     00000EEE  A$invento |    00000EF0  A$invento |    00000EF2  A$invento
     00000EF2  C$invento |    00000EF5  A$invento |    00000EF6  A$invento
     00000EF7  A$invento |    00000EF8  A$invento |    00000EFB  A$invento
     00000EFC  A$invento |    00000EFD  A$invento |    00000EFE  A$invento
     00000F01  A$invento |    00000F02  A$invento |    00000F03  A$invento
     00000F04  A$invento |    00000F05  A$invento |    00000F05  C$invento
     00000F06  A$invento |    00000F08  A$invento |    00000F09  A$invento
     00000F09  C$invento |    00000F0C  A$invento |    00000F0D  A$invento
     00000F0E  A$invento |    00000F0F  A$invento |    00000F12  A$invento
     00000F13  A$invento |    00000F14  A$invento |    00000F15  A$invento
     00000F18  A$invento |    00000F19  A$invento |    00000F1A  A$invento
     00000F1B  A$invento |    00000F1B  C$invento |    00000F1B  XG$update
     00000F1C  A$invento |    00000F1C  C$invento |    00000F1C  G$calcula
     00000F1C  _calculat |    00000F1D  A$invento |    00000F1E  A$invento
     00000F1E  C$invento |    00000F21  A$invento |    00000F21  C$invento
     00000F23  A$invento |    00000F25  A$invento |    00000F26  A$invento
     00000F27  A$invento |    00000F28  A$invento |    00000F2A  A$invento
     00000F2C  A$invento |    00000F2D  A$invento |    00000F2E  A$invento
     00000F30  A$invento |    00000F31  A$invento |    00000F33  A$invento
     00000F34  A$invento |    00000F35  A$invento |    00000F37  A$invento
     00000F39  A$invento |    00000F3B  A$invento |    00000F3D  A$invento
     00000F3E  A$invento |    00000F40  A$invento |    00000F42  A$invento
     00000F44  A$invento |    00000F45  A$invento |    00000F47  A$invento
     00000F47  C$invento |    00000F48  A$invento |    00000F49  A$invento
     00000F4A  A$invento |    00000F4B  A$invento |    00000F4C  A$invento
     00000F4D  A$invento |    00000F4E  A$invento |    00000F4F  A$invento
     00000F50  A$invento |    00000F52  A$invento |    00000F53  A$invento
     00000F54  A$invento |    00000F56  A$invento |    00000F57  A$invento
     00000F5A  A$invento |    00000F5B  A$invento |    00000F5C  A$invento
     00000F5D  A$invento |    00000F5E  A$invento |    00000F5F  A$invento
     00000F60  A$invento |    00000F61  A$invento |    00000F62  A$invento
     00000F63  A$invento |    00000F64  A$invento |    00000F67  A$invento
     00000F68  A$invento |    00000F69  A$invento |    00000F6A  A$invento
     00000F6B  A$invento |    00000F6C  A$invento |    00000F6D  A$invento
     00000F6D  C$invento |    00000F6F  A$invento |    00000F70  A$invento
     00000F72  A$invento |    00000F73  A$invento |    00000F74  A$invento
     00000F76  A$invento |    00000F76  C$invento |    00000F79  A$invento
ASxxxx Linker V03.00/V05.40 + sdld,  page 17.
Hexadecimal  [32-Bits]

Area                       Addr        Size        Decimal Bytes (Attributes)
--------------------       ----        ----        ------- ----- ------------
_CODE                  00000200    00001817 =        6167. bytes (REL,CON)

        Value  Global            Value  Global            Value  Global    
        -----  ------            -----  ------            -----  ------    
     00000F7A  A$invento |    00000F7B  A$invento |    00000F7C  A$invento
     00000F7D  A$invento |    00000F7E  A$invento |    00000F7E  C$invento
     00000F7E  XG$calcul |    00000F7F  A$invento |    00000F7F  C$invento
     00000F7F  G$sell_al |    00000F7F  _sell_all |    00000F81  A$invento
     00000F81  C$invento |    00000F82  A$invento |    00000F84  A$invento
     00000F85  A$invento |    00000F85  C$invento |    00000F86  A$invento
     00000F88  A$invento |    00000F89  A$invento |    00000F8A  A$invento
     00000F8B  A$invento |    00000F8D  A$invento |    00000F8F  A$invento
     00000F90  A$invento |    00000F91  A$invento |    00000F93  A$invento
     00000F94  A$invento |    00000F96  A$invento |    00000F97  A$invento
     00000F99  A$invento |    00000F9B  A$invento |    00000F9D  A$invento
     00000F9F  A$invento |    00000FA0  A$invento |    00000FA2  A$invento
     00000FA4  A$invento |    00000FA6  A$invento |    00000FA7  A$invento
     00000FA9  A$invento |    00000FA9  C$invento |    00000FAB  A$invento
     00000FAC  A$invento |    00000FAD  A$invento |    00000FAE  A$invento
     00000FAF  A$invento |    00000FB0  A$invento |    00000FB1  A$invento
     00000FB2  A$invento |    00000FB3  A$invento |    00000FB4  A$invento
     00000FB7  A$invento |    00000FB8  A$invento |    00000FB9  A$invento
     00000FBA  A$invento |    00000FBD  A$invento |    00000FBE  A$invento
     00000FBF  A$invento |    00000FC2  A$invento |    00000FC3  A$invento
     00000FC4  A$invento |    00000FC5  A$invento |    00000FC6  A$invento
     00000FC7  A$invento |    00000FC9  A$invento |    00000FCA  A$invento
     00000FCB  A$invento |    00000FCE  A$invento |    00000FD0  A$invento
     00000FD1  A$invento |    00000FD2  A$invento |    00000FD2  C$invento
     00000FD3  A$invento |    00000FD4  A$invento |    00000FD5  A$invento
     00000FD6  A$invento |    00000FD7  A$invento |    00000FD8  A$invento
     00000FD9  A$invento |    00000FDA  A$invento |    00000FDB  A$invento
     00000FDC  A$invento |    00000FDE  A$invento |    00000FDF  A$invento
     00000FE0  A$invento |    00000FE2  A$invento |    00000FE2  C$invento
     00000FE5  A$invento |    00000FE6  A$invento |    00000FE7  A$invento
     00000FE8  A$invento |    00000FE9  A$invento |    00000FEA  A$invento
     00000FEB  A$invento |    00000FEC  A$invento |    00000FED  A$invento
     00000FF0  A$invento |    00000FF1  A$invento |    00000FF2  A$invento
     00000FF3  A$invento |    00000FF3  C$invento |    00000FF6  A$invento
     00000FF7  A$invento |    00000FF9  A$invento |    00000FFB  A$invento
     00000FFC  A$invento |    00000FFE  A$invento |    00000FFF  A$invento
     00001001  A$invento |    00001003  A$invento |    00001005  A$invento
     00001007  A$invento |    00001008  A$invento |    0000100A  A$invento
     0000100C  A$invento |    0000100E  A$invento |    0000100F  A$invento
     00001011  A$invento |    00001011  C$invento |    00001012  A$invento
     00001013  A$invento |    00001014  A$invento |    00001015  A$invento
     00001016  A$invento |    00001017  A$invento |    0000101A  A$invento
     0000101B  A$invento |    0000101E  A$invento |    0000101F  A$invento
     00001021  A$invento |    00001021  C$invento |    00001022  A$invento
     00001024  A$invento |    00001024  C$invento |    00001027  A$invento
     00001029  A$invento |    0000102B  A$invento |    0000102B  C$invento
     0000102B  XG$sell_a |    0000102C  Finventor |    00001032  Finventor
     00001037  Finventor |    0000103D  Finventor |    00001043  Finventor
     00001048  Finventor |    0000104D  Finventor |    00001054  Finventor
     00001058  Finventor |    0000105F  Finventor |    00001064  Finventor
     0000106C  Finventor |    00001075  Finventor |    0000107E  Finventor
ASxxxx Linker V03.00/V05.40 + sdld,  page 18.
Hexadecimal  [32-Bits]

Area                       Addr        Size        Decimal Bytes (Attributes)
--------------------       ----        ----        ------- ----- ------------
_CODE                  00000200    00001817 =        6167. bytes (REL,CON)

        Value  Global            Value  Global            Value  Global    
        -----  ------            -----  ------            -----  ------    
     00001087  Finventor |    00001092  Finventor |    0000109D  Finventor
     000010A5  Finventor |    000010AA  Finventor |    000010B2  Finventor
     000010B7  Finventor |    000010BB  Finventor |    000010C1  Finventor
     000010CA  Finventor |    000010D3  A$main$86 |    000010D3  C$main.c$
     000010D3  C$main.c$ |    000010D3  G$main$0$ |    000010D3  _main    
     000010D6  A$main$90 |    000010D6  C$main.c$ |    000010D8  A$main$91
     000010DA  A$main$92 |    000010DB  A$main$93 |    000010DC  A$main$94
     000010DF  A$main$95 |    000010E0  A$main$99 |    000010E0  C$main.c$
     000010E3  A$main$10 |    000010E3  C$main.c$ |    000010E6  A$main$10
     000010E6  C$main.c$ |    000010E9  A$main$11 |    000010E9  C$main.c$
     000010EC  A$main$11 |    000010EC  C$main.c$ |    000010EC  C$main.c$
     000010EE  A$main$12 |    000010F1  A$main$12 |    000010F2  A$main$12
     000010F4  A$main$12 |    000010F5  A$main$12 |    000010F7  A$main$12
     000010FA  A$main$12 |    000010FB  A$main$12 |    000010FC  A$main$12
     000010FD  A$main$12 |    000010FE  A$main$13 |    00001101  A$main$13
     00001104  A$main$13 |    00001107  A$main$13 |    0000110A  A$main$13
     0000110D  A$main$14 |    0000110D  C$main.c$ |    0000110D  C$main.c$
     0000110F  A$main$14 |    00001111  A$main$14 |    00001114  A$main$14
     00001116  A$main$15 |    00001116  C$main.c$ |    00001119  A$main$15
     00001119  C$main.c$ |    0000111C  A$main$15 |    0000111C  C$main.c$
     0000111F  A$main$16 |    00001120  A$main$16 |    00001122  A$main$16
     00001122  C$main.c$ |    00001125  A$main$16 |    00001125  C$main.c$
     00001128  A$main$17 |    00001129  A$main$17 |    0000112B  A$main$17
     0000112B  C$main.c$ |    0000112E  A$main$17 |    0000112F  A$main$17
     00001131  A$main$17 |    00001134  A$main$17 |    00001136  A$main$18
     00001138  A$main$18 |    00001138  C$main.c$ |    0000113B  A$main$18
     0000113C  A$main$18 |    0000113E  A$main$18 |    00001141  A$main$18
     00001143  A$main$19 |    00001145  A$main$19 |    00001145  C$main.c$
     00001148  A$main$19 |    0000114A  A$main$19 |    0000114C  A$main$19
     0000114F  A$main$19 |    00001151  A$main$20 |    00001151  C$main.c$
     00001154  A$main$20 |    00001156  A$main$21 |    00001156  C$main.c$
     00001159  A$main$21 |    00001159  C$main.c$ |    0000115B  A$main$22
     0000115B  C$main.c$ |    0000115B  C$main.c$ |    0000115D  A$main$22
     0000115F  A$main$22 |    00001162  A$main$22 |    00001164  A$main$22
     00001164  C$main.c$ |    00001167  A$main$23 |    00001167  C$main.c$
     0000116A  A$main$23 |    0000116A  C$main.c$ |    0000116D  A$main$24
     0000116D  C$main.c$ |    00001170  A$main$24 |    00001170  C$main.c$
     00001173  A$main$24 |    00001173  C$main.c$ |    00001176  A$main$25
     00001176  C$main.c$ |    00001179  A$main$25 |    00001179  C$main.c$
     0000117C  A$main$26 |    0000117C  C$main.c$ |    0000117F  A$main$26
     0000117F  C$main.c$ |    00001182  A$main$26 |    00001182  C$main.c$
     00001185  A$main$27 |    00001185  C$main.c$ |    00001188  A$main$27
     00001188  C$main.c$ |    0000118B  A$main$27 |    0000118C  A$main$27
     0000118D  A$main$28 |    0000118E  A$main$28 |    0000118F  A$main$28
     00001192  A$main$28 |    00001194  A$main$28 |    00001194  C$main.c$
     00001197  A$main$28 |    00001198  A$main$28 |    0000119B  A$main$29
     0000119C  A$main$29 |    0000119F  A$main$29 |    000011A1  A$main$29
     000011A1  C$main.c$ |    000011A4  A$main$29 |    000011A5  A$main$29
     000011A8  A$main$29 |    000011A9  A$main$30 |    000011AC  A$main$30
     000011AE  A$main$30 |    000011AE  C$main.c$ |    000011B1  A$main$30
     000011B2  A$main$30 |    000011B5  A$main$30 |    000011B6  A$main$30
ASxxxx Linker V03.00/V05.40 + sdld,  page 19.
Hexadecimal  [32-Bits]

Area                       Addr        Size        Decimal Bytes (Attributes)
--------------------       ----        ----        ------- ----- ------------
_CODE                  00000200    00001817 =        6167. bytes (REL,CON)

        Value  Global            Value  Global            Value  Global    
        -----  ------            -----  ------            -----  ------    
     000011B9  A$main$31 |    000011BB  A$main$31 |    000011BB  C$main.c$
     000011BE  A$main$31 |    000011BF  A$main$31 |    000011C2  A$main$31
     000011C3  A$main$31 |    000011C6  A$main$31 |    000011C8  A$main$32
     000011C8  C$main.c$ |    000011CB  A$main$32 |    000011CC  A$main$32
     000011CF  A$main$32 |    000011D0  A$main$32 |    000011D3  A$main$32
     000011D5  A$main$33 |    000011D5  C$main.c$ |    000011D8  A$main$33
     000011D9  A$main$33 |    000011DC  A$main$33 |    000011DD  A$main$33
     000011E0  A$main$33 |    000011E2  A$main$34 |    000011E2  C$main.c$
     000011E5  A$main$34 |    000011E6  A$main$34 |    000011E9  A$main$34
     000011EA  A$main$34 |    000011ED  A$main$34 |    000011EF  A$main$35
     000011EF  C$main.c$ |    000011F2  A$main$35 |    000011F3  A$main$35
     000011F5  A$main$35 |    000011F8  A$main$35 |    000011FA  A$main$35
     000011FC  A$main$36 |    000011FC  C$main.c$ |    000011FF  A$main$36
     00001201  A$main$36 |    00001201  C$main.c$ |    00001204  A$main$37
     00001204  C$main.c$ |    00001207  A$main$37 |    00001207  C$main.c$
     00001207  C$main.c$ |    00001209  A$main$37 |    0000120B  A$main$38
     0000120E  A$main$38 |    00001210  A$main$38 |    00001210  C$main.c$
     00001213  A$main$38 |    00001213  C$main.c$ |    00001216  A$main$39
     00001216  C$main.c$ |    00001219  A$main$39 |    00001219  C$main.c$
     0000121C  A$main$39 |    0000121D  A$main$40 |    00001220  A$main$40
     00001220  C$main.c$ |    00001223  A$main$40 |    00001225  A$main$41
     00001225  C$main.c$ |    00001225  C$main.c$ |    00001228  A$main$41
     00001228  C$main.c$ |    0000122B  A$main$42 |    0000122B  C$main.c$
     0000122B  C$main.c$ |    0000122D  A$main$42 |    00001230  A$main$43
     00001230  C$main.c$ |    00001233  A$main$43 |    00001233  C$main.c$
     00001236  A$main$43 |    00001238  A$main$44 |    00001238  C$main.c$
     00001238  C$main.c$ |    00001238  XG$main$0 |    0000123B  A$menuloo
     0000123B  C$menuloo |    0000123B  C$menuloo |    0000123B  G$shop_me
     0000123B  _shop_men |    0000123E  A$menuloo |    0000123E  C$menuloo
     00001241  A$menuloo |    00001244  A$menuloo |    00001245  A$menuloo
     00001247  A$menuloo |    00001247  C$menuloo |    0000124A  A$menuloo
     0000124B  A$menuloo |    0000124C  A$menuloo |    0000124D  A$menuloo
     00001250  A$menuloo |    00001253  A$menuloo |    00001253  C$menuloo
     00001256  A$menuloo |    00001258  A$menuloo |    00001258  C$menuloo
     0000125B  A$menuloo |    0000125C  A$menuloo |    0000125E  A$menuloo
     0000125E  C$menuloo |    00001261  A$menuloo |    00001262  A$menuloo
     00001263  A$menuloo |    00001264  A$menuloo |    00001267  A$menuloo
     00001267  C$menuloo |    0000126A  A$menuloo |    0000126D  A$menuloo
     0000126D  C$menuloo |    00001270  A$menuloo |    00001272  A$menuloo
     00001274  A$menuloo |    00001274  C$menuloo |    00001277  A$menuloo
     00001279  A$menuloo |    0000127A  A$menuloo |    0000127C  A$menuloo
     0000127C  C$menuloo |    0000127F  A$menuloo |    0000127F  C$menuloo
     00001282  A$menuloo |    00001282  C$menuloo |    00001285  A$menuloo
     00001287  A$menuloo |    00001287  C$menuloo |    0000128A  A$menuloo
     0000128D  A$menuloo |    0000128E  A$menuloo |    00001290  A$menuloo
     00001291  A$menuloo |    00001292  A$menuloo |    00001293  A$menuloo
     00001294  A$menuloo |    00001295  A$menuloo |    00001298  A$menuloo
     00001299  A$menuloo |    0000129A  A$menuloo |    0000129B  A$menuloo
     0000129C  A$menuloo |    0000129C  C$menuloo |    0000129F  A$menuloo
     0000129F  C$menuloo |    000012A2  A$menuloo |    000012A2  C$menuloo
     000012A5  A$menuloo |    000012A5  C$menuloo |    000012A8  A$menuloo
ASxxxx Linker V03.00/V05.40 + sdld,  page 20.
Hexadecimal  [32-Bits]

Area                       Addr        Size        Decimal Bytes (Attributes)
--------------------       ----        ----        ------- ----- ------------
_CODE                  00000200    00001817 =        6167. bytes (REL,CON)

        Value  Global            Value  Global            Value  Global    
        -----  ------            -----  ------            -----  ------    
     000012AA  A$menuloo |    000012AA  C$menuloo |    000012AD  A$menuloo
     000012B0  A$menuloo |    000012B1  A$menuloo |    000012B1  C$menuloo
     000012B1  C$menuloo |    000012B1  XG$shop_m |    000012B4  G$palette
     000012B4  _palette_ |    000012BC  G$palette |    000012BC  _palette_
     000012C4  G$palette |    000012C4  _palette_ |    000012CC  G$palette
     000012CC  _palette_ |    000012D4  G$palette |    000012D4  _palette_
     000012DC  G$palette |    000012DC  _palette_ |    000012E4  G$palette
     000012E4  _palette_ |    000012EC  G$palette |    000012EC  _palette_
     000012F4  G$palette |    000012F4  _palette_ |    000012FC  G$palette
     000012FC  _palette_ |    00001304  G$palette |    00001304  _palette_
     0000130C  G$palette |    0000130C  _palette_ |    00001314  G$palette
     00001314  _palette_ |    0000131C  G$palette |    0000131C  _palette_
     00001324  G$palette |    00001324  _palette_ |    0000132C  _set_spri
     00001331  _set_bkg_ |    00001334  .set_pale |    00001353  _set_spri
     00001358  _set_bkg_ |    0000135B  .set_pale |    00001377  __mulsuch
     0000137A  __mulusch |    00001383  __mulscha |    0000138B  __mulint 
     000013AA  __mulucha |    000013BC  _set_vram |    000013C5  _set_win_
     000013CD  _set_bkg_ |    000013F7  ___hide_m |    0000141B  _get_win_
[...]
     00024618  A$shop$15 |    00024619  A$shop$15 |    0002461A  A$shop$15
     0002461C  A$shop$15 |    0002461D  A$shop$15 |    0002461E  A$shop$15
     00024620  A$shop$15 |    00024621  A$shop$16 |    00024622  A$shop$16
     00024623  A$shop$16 |    00024626  A$shop$16 |    00024628  A$shop$16
     00024629  A$shop$16 |    00024629  C$shop.c$ |    0002462A  A$shop$16
     0002462D  A$shop$16 |    0002462F  A$shop$16 |    0002462F  C$shop.c$
     0002462F  XG$change |    00024630  A$shop$16 |    00024630  C$shop.c$
     00024630  C$shop.c$ |    00024630  G$change_ |    00024630  _change_m
     00024632  A$shop$16 |    00024633  A$shop$16 |    00024635  A$shop$16
     00024636  A$shop$16 |    00024636  C$shop.c$ |    00024637  A$shop$16
     00024639  A$shop$16 |    0002463A  A$shop$16 |    0002463D  A$shop$16
     0002463E  A$shop$16 |    0002463F  A$shop$16 |    00024640  A$shop$16
     00024641  A$shop$16 |    00024643  A$shop$16 |    00024644  A$shop$16
     00024645  A$shop$16 |    00024647  A$shop$16 |    00024648  A$shop$16
     00024649  A$shop$16 |    0002464B  A$shop$16 |    0002464C  A$shop$16
     0002464E  A$shop$16 |    0002464F  A$shop$16 |    00024650  A$shop$16
     00024651  A$shop$16 |    00024652  A$shop$16 |    00024654  A$shop$16
     00024655  A$shop$16 |    00024656  A$shop$16 |    00024657  A$shop$16
     00024658  A$shop$16 |    00024659  A$shop$16 |    0002465B  A$shop$16
     0002465C  A$shop$16 |    0002465D  A$shop$16 |    0002465F  A$shop$16
     00024660  A$shop$16 |    00024661  A$shop$16 |    00024662  A$shop$16
     00024663  A$shop$16 |    00024666  A$shop$16 |    00024668  A$shop$16
     00024669  A$shop$16 |    00024669  C$shop.c$ |    0002466A  A$shop$17
     0002466A  C$shop.c$ |    0002466A  XG$change |    0002466C  A$shop$17
     0002466C  C$shop.c$ |    0002466C  G$attempt |    0002466C  _attempt_
     0002466E  A$shop$17 |    00024670  A$shop$17 |    00024671  A$shop$17
     00024672  A$shop$17 |    00024673  A$shop$17 |    00024673  C$shop.c$
     00024674  A$shop$17 |    00024676  A$shop$17 |    00024677  A$shop$17
     0002467A  A$shop$17 |    0002467B  A$shop$17 |    0002467C  A$shop$17
     0002467D  A$shop$17 |    0002467E  A$shop$17 |    00024680  A$shop$17
     00024681  A$shop$17 |    00024682  A$shop$17 |    00024683  A$shop$17
     00024684  A$shop$17 |    00024684  C$shop.c$ |    00024685  A$shop$17
     00024686  A$shop$17 |    00024689  A$shop$17 |    0002468A  A$shop$17
     0002468B  A$shop$17 |    0002468C  A$shop$17 |    0002468D  A$shop$17
     0002468E  A$shop$17 |    0002468F  A$shop$17 |    00024690  A$shop$17
     00024692  A$shop$17 |    00024693  A$shop$17 |    00024694  A$shop$17
     00024695  A$shop$17 |    00024696  A$shop$17 |    00024698  A$shop$17
     00024699  A$shop$17 |    0002469A  A$shop$17 |    0002469B  A$shop$17
     0002469C  A$shop$17 |    0002469C  C$shop.c$ |    0002469E  A$shop$17
     0002469F  A$shop$17 |    0002469F  C$shop.c$ |    000246A0  A$shop$17
     000246A1  A$shop$17 |    000246A4  A$shop$17 |    000246A5  A$shop$17
     000246A6  A$shop$17 |    000246A7  A$shop$17 |    000246A8  A$shop$17
     000246AA  A$shop$17 |    000246AB  A$shop$17 |    000246AB  C$shop.c$
     000246AE  A$shop$17 |    000246AE  C$shop.c$ |    000246B1  A$shop$17
     000246B2  A$shop$17 |    000246B4  A$shop$17 |    000246B5  A$shop$17
     000246B6  A$shop$17 |    000246B7  A$shop$17 |    000246B8  A$shop$17
     000246B9  A$shop$17 |    000246BA  A$shop$17 |    000246BB  A$shop$17
     000246BD  A$shop$17 |    000246BE  A$shop$17 |    000246BF  A$shop$17
     000246C0  A$shop$17 |    000246C2  A$shop$17 |    000246C3  A$shop$17
     000246C4  A$shop$17 |    000246C6  A$shop$17 |    000246C7  A$shop$18
     000246C8  A$shop$18 |    000246C9  A$shop$18 |    000246CA  A$shop$18
ASxxxx Linker V03.00/V05.40 + sdld,  page 76.
Hexadecimal  [32-Bits]

Area                       Addr        Size        Decimal Bytes (Attributes)
--------------------       ----        ----        ------- ----- ------------
_CODE_2                00024000    00002F17 =       12055. bytes (REL,CON)

        Value  Global            Value  Global            Value  Global    
        -----  ------            -----  ------            -----  ------    
     000246CB  A$shop$18 |    000246CC  A$shop$18 |    000246CE  A$shop$18
     000246CE  C$shop.c$ |    000246D0  A$shop$18 |    000246D1  A$shop$18
     000246D2  A$shop$18 |    000246D3  A$shop$18 |    000246D5  A$shop$18
     000246D6  A$shop$18 |    000246D7  A$shop$18 |    000246D8  A$shop$18
     000246D9  A$shop$18 |    000246DA  A$shop$18 |    000246DB  A$shop$18
     000246DC  A$shop$18 |    000246DD  A$shop$18 |    000246DF  A$shop$18
     000246E0  A$shop$18 |    000246E1  A$shop$18 |    000246E4  A$shop$18
     000246E5  A$shop$18 |    000246E6  A$shop$18 |    000246E7  A$shop$18
     000246E8  A$shop$18 |    000246E9  A$shop$18 |    000246E9  C$shop.c$
     000246EB  A$shop$18 |    000246EC  A$shop$18 |    000246ED  A$shop$18
     000246ED  C$shop.c$ |    000246EE  A$shop$18 |    000246EF  A$shop$18
     000246F2  A$shop$18 |    000246F3  A$shop$18 |    000246F4  A$shop$18
     000246F5  A$shop$18 |    000246F7  A$shop$18 |    000246F8  A$shop$18
     000246F9  A$shop$18 |    000246FA  A$shop$18 |    000246FC  A$shop$18
     000246FD  A$shop$18 |    000246FE  A$shop$18 |    000246FF  A$shop$18
     00024702  A$shop$18 |    00024703  A$shop$18 |    00024704  A$shop$18
     00024705  A$shop$18 |    00024707  A$shop$18 |    00024708  A$shop$18
     00024709  A$shop$18 |    0002470A  A$shop$18 |    0002470C  A$shop$18
     0002470D  A$shop$18 |    0002470E  A$shop$18 |    0002470F  A$shop$18
     00024712  A$shop$18 |    00024713  A$shop$18 |    00024714  A$shop$18
     00024715  A$shop$18 |    00024717  A$shop$18 |    00024718  A$shop$18
     00024719  A$shop$18 |    0002471A  A$shop$18 |    0002471C  A$shop$18
     0002471D  A$shop$18 |    0002471E  A$shop$18 |    0002471F  A$shop$18
     00024720  A$shop$18 |    00024722  A$shop$18 |    00024723  A$shop$18
     00024724  A$shop$18 |    00024725  A$shop$18 |    00024726  A$shop$18
     00024727  A$shop$18 |    00024728  A$shop$18 |    0002472A  A$shop$18
     0002472B  A$shop$18 |    0002472C  A$shop$18 |    0002472D  A$shop$18
     0002472E  A$shop$18 |    0002472F  A$shop$18 |    00024730  A$shop$18
     00024732  A$shop$19 |    00024732  C$shop.c$ |    00024732  XG$attemp
     00024733  A$shop$19 |    00024733  C$shop.c$ |    00024733  G$handleI
     00024733  _handleIn |    00024735  A$shop$19 |    00024737  A$shop$19
     00024738  A$shop$19 |    00024739  A$shop$19 |    0002473A  A$shop$19
     0002473C  A$shop$19 |    0002473D  A$shop$19 |    0002473E  A$shop$19
     0002473F  A$shop$19 |    0002473F  C$shop.c$ |    00024742  A$shop$19
     00024745  A$shop$19 |    00024746  A$shop$19 |    00024749  A$shop$19
     00024749  C$shop.c$ |    0002474C  A$shop$19 |    0002474E  A$shop$19
     0002474F  A$shop$19 |    00024750  A$shop$19 |    00024752  A$shop$19
     00024753  A$shop$19 |    00024755  A$shop$19 |    00024755  C$shop.c$
     00024757  A$shop$19 |    00024758  A$shop$19 |    00024759  A$shop$19
     0002475A  A$shop$19 |    0002475B  A$shop$19 |    0002475C  A$shop$19
     0002475D  A$shop$19 |    0002475E  A$shop$19 |    00024760  A$shop$19
     00024761  A$shop$19 |    00024764  A$shop$19 |    00024765  A$shop$19
     00024767  A$shop$19 |    00024768  A$shop$19 |    00024769  A$shop$19
     0002476A  A$shop$19 |    0002476B  A$shop$19 |    0002476C  A$shop$19
     0002476E  A$shop$19 |    0002476E  C$shop.c$ |    0002476F  A$shop$19
     00024771  A$shop$19 |    00024773  A$shop$19 |    00024774  A$shop$19
     00024776  A$shop$19 |    00024776  C$shop.c$ |    00024778  A$shop$19
     00024779  A$shop$19 |    0002477A  A$shop$19 |    0002477B  A$shop$19
     0002477C  A$shop$19 |    0002477D  A$shop$19 |    0002477E  A$shop$19
     0002477F  A$shop$19 |    00024781  A$shop$19 |    00024783  A$shop$19
     00024784  A$shop$19 |    00024785  A$shop$19 |    00024786  A$shop$19
ASxxxx Linker V03.00/V05.40 + sdld,  page 77.
Hexadecimal  [32-Bits]

Area                       Addr        Size        Decimal Bytes (Attributes)
--------------------       ----        ----        ------- ----- ------------
_CODE_2                00024000    00002F17 =       12055. bytes (REL,CON)

        Value  Global            Value  Global            Value  Global    
        -----  ------            -----  ------            -----  ------    
     00024787  A$shop$19 |    00024788  A$shop$19 |    00024789  A$shop$19
     0002478A  A$shop$19 |    0002478B  A$shop$19 |    0002478C  A$shop$19
     0002478E  A$shop$19 |    0002478E  C$shop.c$ |    0002478F  A$shop$19
     00024791  A$shop$19 |    00024793  A$shop$19 |    00024794  A$shop$20
     00024796  A$shop$20 |    00024796  C$shop.c$ |    00024798  A$shop$20
     00024799  A$shop$20 |    0002479A  A$shop$20 |    0002479B  A$shop$20
     0002479C  A$shop$20 |    0002479E  A$shop$20 |    0002479F  A$shop$20
     000247A0  A$shop$20 |    000247A1  A$shop$20 |    000247A2  A$shop$20
     000247A3  A$shop$20 |    000247A6  A$shop$20 |    000247A7  A$shop$20
     000247A9  A$shop$20 |    000247AC  A$shop$20 |    000247AD  A$shop$20
     000247AE  A$shop$20 |    000247B0  A$shop$20 |    000247B2  A$shop$20
     000247B3  A$shop$20 |    000247B4  A$shop$20 |    000247B6  A$shop$20
     000247B7  A$shop$20 |    000247B8  A$shop$20 |    000247B9  A$shop$20
     000247BA  A$shop$20 |    000247BC  A$shop$20 |    000247BC  C$shop.c$
     000247BD  A$shop$20 |    000247BF  A$shop$20 |    000247C1  A$shop$20
     000247C2  A$shop$20 |    000247C4  A$shop$20 |    000247C4  C$shop.c$
     000247C6  A$shop$20 |    000247C7  A$shop$20 |    000247C8  A$shop$20
     000247C9  A$shop$20 |    000247CA  A$shop$20 |    000247CB  A$shop$20
     000247CC  A$shop$20 |    000247CE  A$shop$20 |    000247CF  A$shop$20
     000247D2  A$shop$20 |    000247D5  A$shop$20 |    000247D6  A$shop$20
     000247D7  A$shop$20 |    000247D9  A$shop$20 |    000247DA  A$shop$20
     000247DC  A$shop$20 |    000247DD  A$shop$20 |    000247DE  A$shop$20
     000247E0  A$shop$20 |    000247E1  A$shop$20 |    000247E2  A$shop$20
     000247E3  A$shop$20 |    000247E4  A$shop$20 |    000247E4  C$shop.c$
     000247E7  A$shop$20 |    000247E9  A$shop$20 |    000247EC  A$shop$20
     000247EC  C$shop.c$ |    000247EE  A$shop$20 |    000247EF  A$shop$20
     000247F0  A$shop$20 |    000247F1  A$shop$20 |    000247F2  A$shop$20
     000247F3  A$shop$20 |    000247F5  A$shop$20 |    000247F6  A$shop$20
     000247F8  A$shop$20 |    000247F9  A$shop$20 |    000247FB  A$shop$20
     000247FE  A$shop$20 |    000247FF  A$shop$20 |    00024800  A$shop$20
     00024800  C$shop.c$ |    00024801  A$shop$20 |    00024803  A$shop$20
     00024805  A$shop$20 |    00024807  A$shop$21 |    00024809  A$shop$21
     0002480B  A$shop$21 |    0002480D  A$shop$21 |    0002480F  A$shop$21
     0002480F  C$shop.c$ |    00024811  A$shop$21 |    00024812  A$shop$21
     00024813  A$shop$21 |    00024814  A$shop$21 |    00024815  A$shop$21
     00024815  C$shop.c$ |    00024816  A$shop$21 |    00024818  A$shop$21
     00024819  A$shop$21 |    0002481A  A$shop$21 |    0002481B  A$shop$21
     0002481C  A$shop$21 |    0002481E  A$shop$21 |    00024820  A$shop$21
     00024820  C$shop.c$ |    00024822  A$shop$21 |    00024824  A$shop$21
     00024826  A$shop$21 |    00024827  A$shop$21 |    00024828  A$shop$21
     00024829  A$shop$21 |    0002482B  A$shop$21 |    0002482D  A$shop$21
     0002482D  C$shop.c$ |    0002482F  A$shop$21 |    00024831  A$shop$21
     00024833  A$shop$21 |    00024834  A$shop$21 |    00024835  A$shop$21
     00024836  A$shop$21 |    00024838  A$shop$21 |    0002483A  A$shop$21
     0002483A  C$shop.c$ |    0002483C  A$shop$21 |    0002483E  A$shop$21
     00024840  A$shop$21 |    00024841  A$shop$21 |    00024842  A$shop$21
     00024843  A$shop$21 |    00024845  A$shop$21 |    00024847  A$shop$21
     00024847  C$shop.c$ |    00024849  A$shop$21 |    0002484B  A$shop$21
     0002484D  A$shop$21 |    0002484E  A$shop$21 |    0002484F  A$shop$21
     00024850  A$shop$21 |    00024852  A$shop$21 |    00024854  A$shop$21
     00024854  C$shop.c$ |    00024856  A$shop$21 |    00024858  A$shop$21
ASxxxx Linker V03.00/V05.40 + sdld,  page 78.
Hexadecimal  [32-Bits]

Area                       Addr        Size        Decimal Bytes (Attributes)
--------------------       ----        ----        ------- ----- ------------
_CODE_2                00024000    00002F17 =       12055. bytes (REL,CON)

        Value  Global            Value  Global            Value  Global    
        -----  ------            -----  ------            -----  ------    
     0002485A  A$shop$21 |    0002485B  A$shop$21 |    0002485C  A$shop$21
     0002485D  A$shop$21 |    0002485F  A$shop$21 |    0002485F  C$shop.c$
     00024861  A$shop$21 |    00024861  C$shop.c$ |    00024861  C$shop.c$
     00024863  A$shop$21 |    00024864  A$shop$21 |    00024865  A$shop$21
     00024866  A$shop$21 |    00024867  A$shop$21 |    0002486A  A$shop$22
     0002486A  C$shop.c$ |    0002486A  C$shop.c$ |    0002486D  A$shop$22
     0002486F  A$shop$22 |    00024871  A$shop$22 |    00024871  C$shop.c$
     00024873  A$shop$22 |    00024874  A$shop$22 |    00024875  A$shop$22
     00024876  A$shop$22 |    00024877  A$shop$22 |    00024878  A$shop$22
     0002487A  A$shop$22 |    0002487B  A$shop$22 |    0002487D  A$shop$22
     0002487F  A$shop$22 |    00024882  A$shop$22 |    00024883  A$shop$22
     00024884  A$shop$22 |    00024885  A$shop$22 |    00024886  A$shop$22
     00024889  A$shop$22 |    0002488C  A$shop$22 |    0002488F  A$shop$22
     00024892  A$shop$22 |    00024895  A$shop$22 |    00024898  A$shop$22
     0002489B  A$shop$22 |    0002489B  C$shop.c$ |    0002489B  C$shop.c$
     0002489E  A$shop$22 |    000248A0  A$shop$22 |    000248A0  C$shop.c$
     000248A3  A$shop$22 |    000248A5  A$shop$22 |    000248A5  C$shop.c$
     000248A8  A$shop$22 |    000248AA  A$shop$22 |    000248AA  C$shop.c$
     000248AD  A$shop$22 |    000248AF  A$shop$22 |    000248AF  C$shop.c$
     000248B2  A$shop$22 |    000248B4  A$shop$22 |    000248B4  C$shop.c$
     000248B7  A$shop$22 |    000248B9  A$shop$22 |    000248B9  C$shop.c$
     000248BC  A$shop$22 |    000248BE  A$shop$22 |    000248BE  C$shop.c$
     000248C1  A$shop$22 |    000248C3  A$shop$22 |    000248C3  C$shop.c$
     000248C5  A$shop$22 |    000248C5  C$shop.c$ |    000248C5  C$shop.c$
     000248C7  A$shop$22 |    000248C8  A$shop$22 |    000248C9  A$shop$22
     000248CA  A$shop$22 |    000248CC  A$shop$23 |    000248CC  C$shop.c$
     000248CE  A$shop$23 |    000248CE  C$shop.c$ |    000248CE  XG$handle
     000248CF  C$buttonf |    000248CF  G$__func_ |    000248CF  G$buttonf
     000248CF  ___func_b |    000248CF  _buttonfr |    0002490F  C$shopfra
     0002490F  G$__func_ |    0002490F  G$shopfra |    0002490F  ___func_s
     0002490F  _shopfram |    00024917  G$shopfra |    00024917  _shopfram
     000249A7  G$shopfra |    000249A7  _shopfram |    00024B0F  C$shoptil
     00024B0F  G$__func_ |    00024B0F  G$shoptil |    00024B0F  ___func_s
     00024B0F  _shoptile |    00024B17  G$shoptil |    00024B17  _shoptile
ASxxxx Linker V03.00/V05.40 + sdld,  page 79.
Hexadecimal  [32-Bits]

Area                       Addr        Size        Decimal Bytes (Attributes)
--------------------       ----        ----        ------- ----- ------------
_FONT_HEADER0          00000000    00000003 =           3. bytes (ABS,CON)

        Value  Global            Value  Global            Value  Global    
        -----  ------            -----  ------            -----  ------    
ASxxxx Linker V03.00/V05.40 + sdld,  page 80.
Hexadecimal  [32-Bits]

Area                       Addr        Size        Decimal Bytes (Attributes)
--------------------       ----        ----        ------- ----- ------------
_HEADER_LCD0           00000000    00000003 =           3. bytes (ABS,CON)

        Value  Global            Value  Global            Value  Global    
        -----  ------            -----  ------            -----  ------    
ASxxxx Linker V03.00/V05.40 + sdld,  page 81.

Files Linked                              [ module(s) ]

/usr/local/opt/gbdk/lib/gb/crt0.o         [ Runtime ]
obj/attributes.o                          [ attributes ]
obj/font.o                                [ font ]
obj/gameloop.o                            [ gameloop ]
obj/general.o                             [ general ]
obj/globals.o                             [ globals ]
obj/interrupt.o                           [ interrupt ]
obj/inventory.o                           [ inventory ]
obj/level.o                               [ level ]
obj/main.o                                [ main ]
obj/mainmenu.o                            [ mainmenu ]
obj/map.o                                 [ map ]
obj/menuloop.o                            [ menuloop ]
obj/palettes.o                            [ palettes ]
obj/player.o                              [ player ]
obj/shop.o                                [ shop ]
obj/buttonframe.o                         [ buttonframe ]
obj/menubuttons.o                         [ menubuttons ]
obj/nav.o                                 [ nav ]
obj/progressbar.o                         [ progressbar ]
obj/rover.o                               [ rover ]
obj/shopframe.o                           [ shopframe ]
obj/shoptiles.o                           [ shoptiles ]
obj/splashscreen.o                        [ splashscreen ]
obj/stationfuel.o                         [ stationfuel ]
obj/stationrepair.o                       [ stationrepair ]
obj/stationsell.o                         [ stationsell ]
obj/stationupgrade.o                      [ stationupgrade ]
obj/tile.o                                [ tile ]


Libraries Linked                          [ object file ]

/usr/local/opt/gbdk/lib/gb/gb.lib         [ sfr.o ]
/usr/local/opt/gbdk/lib/gb/gb.lib         [ font.o ]
/usr/local/opt/gbdk/lib/sm83/sm83.lib     [ rand.o ]
/usr/local/opt/gbdk/lib/gb/gb.lib         [ set_1bit_data.o ]
/usr/local/opt/gbdk/lib/gb/gb.lib         [ pad.o ]
/usr/local/opt/gbdk/lib/sm83/sm83.lib     [ itoa.o ]
/usr/local/opt/gbdk/lib/gb/gb.lib         [ cgb_palettes.o ]
/usr/local/opt/gbdk/lib/gb/gb.lib         [ set_data.o ]
/usr/local/opt/gbdk/lib/sm83/sm83.lib     [ mul.o ]
/usr/local/opt/gbdk/lib/gb/gb.lib         [ set_tile.o ]
/usr/local/opt/gbdk/lib/gb/gb.lib         [ metasprites_hide.o ]
/usr/local/opt/gbdk/lib/sm83/sm83.lib     [ abs.o ]
/usr/local/opt/gbdk/lib/gb/gb.lib         [ get_addr.o ]
/usr/local/opt/gbdk/lib/gb/gb.lib         [ set_wi_t.o ]
/usr/local/opt/gbdk/lib/gb/gb.lib         [ lcd.o ]
/usr/local/opt/gbdk/lib/sm83/sm83.lib     [ sprintf.o ]
/usr/local/opt/gbdk/lib/gb/gb.lib         [ metasprites.o ]
/usr/local/opt/gbdk/lib/sm83/sm83.lib     [ __sdcc_call_hl.o ]
/usr/local/opt/gbdk/lib/sm83/sm83.lib     [ memcpy.o ]
/usr/local/opt/gbdk/lib/gb/gb.lib         [ color.o ]
/usr/local/opt/gbdk/lib/gb/gb.lib         [ drawing_isr.o ]
/usr/local/opt/gbdk/lib/gb/gb.lib         [ f_ibm_sh.o ]
/usr/local/opt/gbdk/lib/gb/gb.lib         [ delay.o ]
/usr/local/opt/gbdk/lib/sm83/sm83.lib     [ strcat.o ]
/usr/local/opt/gbdk/lib/gb/gb.lib         [ metasprites_flip.o ]
/usr/local/opt/gbdk/lib/sm83/sm83.lib     [ strlen.o ]
/usr/local/opt/gbdk/lib/sm83/sm83.lib     [ div.o ]
/usr/local/opt/gbdk/lib/gb/gb.lib         [ set_bk_t.o ]
/usr/local/opt/gbdk/lib/gb/gb.lib         [ set_xy_t.o ]

ASxxxx Linker V03.00/V05.40 + sdld,  page 82.

User Base Address Definitions

_DATA=0xC0A0
_CODE=0x0200
ASxxxx Linker V03.00/V05.40 + sdld,  page 83.

User Global Definitions

_shadow_OAM=0xC000
.STACK=0xE000
.refresh_OAM=0xFF80

